Archive member included to satisfy reference by file (symbol)

/home/dev/.local/share/stm32cube/bundles/gnu-tools-for-stm32/14.3.1+st.2/bin/../lib/gcc/arm-none-eabi/14.3.1/thumb/v6-m/nofp/libgcc.a(_dvmd_tls.o)
                              CMakeFiles/picowinder.dir/.pico-sdk/sdk/src/rp2_common/pico_divider/divider_hardware.S.obj (__aeabi_idiv0)
/home/dev/.local/share/stm32cube/bundles/gnu-tools-for-stm32/14.3.1+st.2/bin/../lib/gcc/arm-none-eabi/14.3.1/../../../../arm-none-eabi/lib/thumb/v6-m/nofp/libg.a(libc_a-calloc.o)
                              CMakeFiles/picowinder.dir/.pico-sdk/sdk/src/rp2_common/pico_malloc/malloc.c.obj (calloc)
/home/dev/.local/share/stm32cube/bundles/gnu-tools-for-stm32/14.3.1+st.2/bin/../lib/gcc/arm-none-eabi/14.3.1/../../../../arm-none-eabi/lib/thumb/v6-m/nofp/libg.a(libc_a-callocr.o)
                              /home/dev/.local/share/stm32cube/bundles/gnu-tools-for-stm32/14.3.1+st.2/bin/../lib/gcc/arm-none-eabi/14.3.1/../../../../arm-none-eabi/lib/thumb/v6-m/nofp/libg.a(libc_a-calloc.o) (_calloc_r)
/home/dev/.local/share/stm32cube/bundles/gnu-tools-for-stm32/14.3.1+st.2/bin/../lib/gcc/arm-none-eabi/14.3.1/../../../../arm-none-eabi/lib/thumb/v6-m/nofp/libg.a(libc_a-malloc.o)
                              CMakeFiles/picowinder.dir/.pico-sdk/sdk/src/rp2_common/pico_malloc/malloc.c.obj (malloc)
/home/dev/.local/share/stm32cube/bundles/gnu-tools-for-stm32/14.3.1+st.2/bin/../lib/gcc/arm-none-eabi/14.3.1/../../../../arm-none-eabi/lib/thumb/v6-m/nofp/libg.a(libc_a-mallocr.o)
                              /home/dev/.local/share/stm32cube/bundles/gnu-tools-for-stm32/14.3.1+st.2/bin/../lib/gcc/arm-none-eabi/14.3.1/../../../../arm-none-eabi/lib/thumb/v6-m/nofp/libg.a(libc_a-callocr.o) (_malloc_r)
/home/dev/.local/share/stm32cube/bundles/gnu-tools-for-stm32/14.3.1+st.2/bin/../lib/gcc/arm-none-eabi/14.3.1/../../../../arm-none-eabi/lib/thumb/v6-m/nofp/libg.a(libc_a-mlock.o)
                              /home/dev/.local/share/stm32cube/bundles/gnu-tools-for-stm32/14.3.1+st.2/bin/../lib/gcc/arm-none-eabi/14.3.1/../../../../arm-none-eabi/lib/thumb/v6-m/nofp/libg.a(libc_a-mallocr.o) (__malloc_lock)
/home/dev/.local/share/stm32cube/bundles/gnu-tools-for-stm32/14.3.1+st.2/bin/../lib/gcc/arm-none-eabi/14.3.1/../../../../arm-none-eabi/lib/thumb/v6-m/nofp/libg.a(libc_a-realloc.o)
                              CMakeFiles/picowinder.dir/.pico-sdk/sdk/src/rp2_common/pico_malloc/malloc.c.obj (realloc)
/home/dev/.local/share/stm32cube/bundles/gnu-tools-for-stm32/14.3.1+st.2/bin/../lib/gcc/arm-none-eabi/14.3.1/../../../../arm-none-eabi/lib/thumb/v6-m/nofp/libg.a(libc_a-reallocr.o)
                              /home/dev/.local/share/stm32cube/bundles/gnu-tools-for-stm32/14.3.1+st.2/bin/../lib/gcc/arm-none-eabi/14.3.1/../../../../arm-none-eabi/lib/thumb/v6-m/nofp/libg.a(libc_a-realloc.o) (_realloc_r)
/home/dev/.local/share/stm32cube/bundles/gnu-tools-for-stm32/14.3.1+st.2/bin/../lib/gcc/arm-none-eabi/14.3.1/../../../../arm-none-eabi/lib/thumb/v6-m/nofp/libg.a(libc_a-memcmp.o)
                              CMakeFiles/picowinder.dir/main.c.obj (memcmp)
/home/dev/.local/share/stm32cube/bundles/gnu-tools-for-stm32/14.3.1+st.2/bin/../lib/gcc/arm-none-eabi/14.3.1/../../../../arm-none-eabi/lib/thumb/v6-m/nofp/libg.a(libc_a-memmove.o)
                              /home/dev/.local/share/stm32cube/bundles/gnu-tools-for-stm32/14.3.1+st.2/bin/../lib/gcc/arm-none-eabi/14.3.1/../../../../arm-none-eabi/lib/thumb/v6-m/nofp/libg.a(libc_a-reallocr.o) (memmove)
/home/dev/.local/share/stm32cube/bundles/gnu-tools-for-stm32/14.3.1+st.2/bin/../lib/gcc/arm-none-eabi/14.3.1/../../../../arm-none-eabi/lib/thumb/v6-m/nofp/libg.a(libc_a-lcltime_r.o)
                              CMakeFiles/picowinder.dir/.pico-sdk/sdk/src/common/pico_util/datetime.c.obj (localtime_r)
/home/dev/.local/share/stm32cube/bundles/gnu-tools-for-stm32/14.3.1+st.2/bin/../lib/gcc/arm-none-eabi/14.3.1/../../../../arm-none-eabi/lib/thumb/v6-m/nofp/libg.a(libc_a-mktime.o)
                              CMakeFiles/picowinder.dir/.pico-sdk/sdk/src/common/pico_util/datetime.c.obj (mktime)
/home/dev/.local/share/stm32cube/bundles/gnu-tools-for-stm32/14.3.1+st.2/bin/../lib/gcc/arm-none-eabi/14.3.1/../../../../arm-none-eabi/lib/thumb/v6-m/nofp/libg.a(libc_a-month_lengths.o)
                              /home/dev/.local/share/stm32cube/bundles/gnu-tools-for-stm32/14.3.1+st.2/bin/../lib/gcc/arm-none-eabi/14.3.1/../../../../arm-none-eabi/lib/thumb/v6-m/nofp/libg.a(libc_a-lcltime_r.o) (__month_lengths)
/home/dev/.local/share/stm32cube/bundles/gnu-tools-for-stm32/14.3.1+st.2/bin/../lib/gcc/arm-none-eabi/14.3.1/../../../../arm-none-eabi/lib/thumb/v6-m/nofp/libg.a(libc_a-tzcalc_limits.o)
                              /home/dev/.local/share/stm32cube/bundles/gnu-tools-for-stm32/14.3.1+st.2/bin/../lib/gcc/arm-none-eabi/14.3.1/../../../../arm-none-eabi/lib/thumb/v6-m/nofp/libg.a(libc_a-lcltime_r.o) (__tzcalc_limits)
[...]
Memory Configuration

Name             Origin             Length             Attributes
FLASH            0x10000000         0x00200000         xr
RAM              0x20000000         0x00040000         xrw
SCRATCH_X        0x20040000         0x00001000         xrw
SCRATCH_Y        0x20041000         0x00001000         xrw
*default*        0x00000000         0xffffffff

Linker script and memory map

LOAD /home/dev/.local/share/stm32cube/bundles/gnu-tools-for-stm32/14.3.1+st.2/bin/../lib/gcc/arm-none-eabi/14.3.1/thumb/v6-m/nofp/crti.o
LOAD /home/dev/.local/share/stm32cube/bundles/gnu-tools-for-stm32/14.3.1+st.2/bin/../lib/gcc/arm-none-eabi/14.3.1/thumb/v6-m/nofp/crtbegin.o
LOAD /home/dev/.local/share/stm32cube/bundles/gnu-tools-for-stm32/14.3.1+st.2/bin/../lib/gcc/arm-none-eabi/14.3.1/../../../../arm-none-eabi/lib/thumb/v6-m/nofp/crt0.o

.flash_begin    0x10000000        0x0
                0x10000000                        __flash_binary_start = .

.boot2          0x10000000      0x100
                0x10000000                        __boot2_start__ = .
 *(.boot2)
 .boot2         0x10000000      0x100 /tmp/ccxI6bRU.o
                0x10000100                        __boot2_end__ = .
                0x00000001                        ASSERT (((__boot2_end__ - __boot2_start__) == 0x100), ERROR: Pico second stage bootloader must be 256 bytes in size)

.text           0x10000100     0x461c
                0x10000100                        __logical_binary_start = .
 *(.vectors)
 .vectors       0x10000100       0xd4 CMakeFiles/picowinder.dir/.pico-sdk/sdk/src/rp2_common/pico_crt0/crt0.S.obj
                0x10000100                __vectors
                0x10000100                __VECTOR_TABLE
                0x100001c0                isr_invalid
                0x100001c0                __default_isrs_start
                0x100001c2                isr_nmi
                0x100001c4                isr_hardfault
                0x100001c6                isr_svcall
                0x100001c8                isr_pendsv
                0x100001ca                isr_systick
                0x100001cc                isr_irq30
                0x100001cc                __unhandled_user_irq
                0x100001cc                isr_irq13
                0x100001cc                isr_irq27
                0x100001cc                isr_irq31
                0x100001cc                isr_irq5
                0x100001cc                isr_irq11
                0x100001cc                isr_irq23
                0x100001cc                isr_irq18
                0x100001cc                isr_irq28
                0x100001cc                isr_irq19
                0x100001cc                isr_irq0
                0x100001cc                isr_irq6
                0x100001cc                isr_irq22
                0x100001cc                isr_irq17
                0x100001cc                isr_irq14
                0x100001cc                isr_irq2
                0x100001cc                isr_irq10
                0x100001cc                isr_irq8
                0x100001cc                isr_irq24
                0x100001cc                isr_irq1
                0x100001cc                isr_irq7
                0x100001cc                isr_irq21
                0x100001cc                isr_irq20
                0x100001cc                isr_irq15
                0x100001cc                isr_irq25
                0x100001cc                isr_irq4
                0x100001cc                isr_irq16
                0x100001cc                isr_irq29
                0x100001cc                isr_irq26
                0x100001cc                __default_isrs_end
                0x100001cc                isr_irq3
                0x100001cc                isr_irq12
                0x100001cc                isr_irq9
                0x100001d2                unhandled_user_irq_num_in_r0
 *(.binary_info_header)
 .binary_info_header
                0x100001d4       0x14 CMakeFiles/picowinder.dir/.pico-sdk/sdk/src/rp2_common/pico_crt0/crt0.S.obj
                0x100001e8                        __binary_info_header_end = .
 *(.embedded_block)
                0x100001e8                        __embedded_block_end = .
 *(.reset)
 .reset         0x100001e8       0x9c CMakeFiles/picowinder.dir/.pico-sdk/sdk/src/rp2_common/pico_crt0/crt0.S.obj
                0x100001e8                _entry_point
 *(.init)
 .init          0x10000284        0x4 /home/dev/.local/share/stm32cube/bundles/gnu-tools-for-stm32/14.3.1+st.2/bin/../lib/gcc/arm-none-eabi/14.3.1/thumb/v6-m/nofp/crti.o
                0x10000284                _init
 *(EXCLUDE_FILE(*libm.a: *libc.a:*lib_a-mem*.o *libgcc.a:) .text*)
 .text          0x10000288       0x48 /home/dev/.local/share/stm32cube/bundles/gnu-tools-for-stm32/14.3.1+st.2/bin/../lib/gcc/arm-none-eabi/14.3.1/thumb/v6-m/nofp/crtbegin.o
 .text.tud_hid_get_report_cb
                0x100002d0       0x44 CMakeFiles/picowinder.dir/usb.c.obj
                0x100002d0                tud_hid_get_report_cb
 .text.tud_hid_set_report_cb
                0x10000314      0x230 CMakeFiles/picowinder.dir/usb.c.obj
                0x10000314                tud_hid_set_report_cb
 .text.tud_descriptor_device_cb
                0x10000544        0x8 CMakeFiles/picowinder.dir/usb_descriptors.c.obj
                0x10000544                tud_descriptor_device_cb
 .text.tud_hid_descriptor_report_cb
                0x1000054c        0x8 CMakeFiles/picowinder.dir/usb_descriptors.c.obj
                0x1000054c                tud_hid_descriptor_report_cb
 .text.tud_descriptor_configuration_cb
                0x10000554        0x8 CMakeFiles/picowinder.dir/usb_descriptors.c.obj
                0x10000554                tud_descriptor_configuration_cb
 .text.tud_descriptor_string_cb
                0x1000055c      0x128 CMakeFiles/picowinder.dir/usb_descriptors.c.obj
                0x1000055c                tud_descriptor_string_cb
 .text.ffb_midi_uart_irq_handler
                0x10000684       0x70 CMakeFiles/picowinder.dir/ffb_midi.c.obj
 .text.ffb_midi_queue_bytes.constprop.1.isra.0
                0x100006f4      0x118 CMakeFiles/picowinder.dir/ffb_midi.c.obj
 .text.ffb_midi_init
                0x1000080c       0x4c CMakeFiles/picowinder.dir/ffb_midi.c.obj
                0x1000080c                ffb_midi_init
 .text.ffb_midi_get_num_available_effects
                0x10000858       0x20 CMakeFiles/picowinder.dir/ffb_midi.c.obj
                0x10000858                ffb_midi_get_num_available_effects
 .text.ffb_midi_last_add_succeeded
                0x10000878        0xc CMakeFiles/picowinder.dir/ffb_midi.c.obj
                0x10000878                ffb_midi_last_add_succeeded
 .text.ffb_midi_last_assigned_effect_id
                0x10000884        0xc CMakeFiles/picowinder.dir/ffb_midi.c.obj
                0x10000884                ffb_midi_last_assigned_effect_id
 .text.ffb_midi_set_autocenter
                0x10000890      0x114 CMakeFiles/picowinder.dir/ffb_midi.c.obj
                0x10000890                ffb_midi_set_autocenter
 .text.ffb_midi_define_effect
                0x100009a4      0x308 CMakeFiles/picowinder.dir/ffb_midi.c.obj
                0x100009a4                ffb_midi_define_effect
 .text.ffb_midi_erase
                0x10000cac       0x2c CMakeFiles/picowinder.dir/ffb_midi.c.obj
                0x10000cac                ffb_midi_erase
 .text.ffb_midi_play_solo
                0x10000cd8       0x20 CMakeFiles/picowinder.dir/ffb_midi.c.obj
                0x10000cd8                ffb_midi_play_solo
 .text.ffb_midi_play
                0x10000cf8       0x24 CMakeFiles/picowinder.dir/ffb_midi.c.obj
                0x10000cf8                ffb_midi_play
 .text.ffb_midi_pause
                0x10000d1c       0x24 CMakeFiles/picowinder.dir/ffb_midi.c.obj
                0x10000d1c                ffb_midi_pause
 .text.ffb_midi_modify
                0x10000d40      0x174 CMakeFiles/picowinder.dir/ffb_midi.c.obj
                0x10000d40                ffb_midi_modify
 .text.joystickReadIRQ
                0x10000eb4       0x98 CMakeFiles/picowinder.dir/main.c.obj
                0x10000eb4                joystickReadIRQ
 .text.ffb_handshake_program_init
                0x10000f4c       0xd0 CMakeFiles/picowinder.dir/main.c.obj
                0x10000f4c                ffb_handshake_program_init
 .text.read_joystick_program_init
                0x1000101c      0x128 CMakeFiles/picowinder.dir/main.c.obj
                0x1000101c                read_joystick_program_init
 .text.startup.main
                0x10001144      0x21c CMakeFiles/picowinder.dir/main.c.obj
                0x10001144                main
 .text.gpio_set_function
                0x10001360       0x34 CMakeFiles/picowinder.dir/.pico-sdk/sdk/src/rp2_common/hardware_gpio/gpio.c.obj
                0x10001360                gpio_set_function
 .text.rp2040_chip_version
                0x10001394        0xc CMakeFiles/picowinder.dir/.pico-sdk/sdk/src/rp2040/pico_platform/platform.c.obj
                0x10001394                rp2040_chip_version
 .text.panic    0x100013a0       0x30 CMakeFiles/picowinder.dir/.pico-sdk/sdk/src/rp2_common/pico_platform_panic/panic.c.obj
                0x100013a0                panic
 .text.hw_claim_lock
                0x100013d0       0x18 CMakeFiles/picowinder.dir/.pico-sdk/sdk/src/common/hardware_claim/claim.c.obj
                0x100013d0                hw_claim_lock
 .text.hw_claim_unlock
                0x100013e8       0x14 CMakeFiles/picowinder.dir/.pico-sdk/sdk/src/common/hardware_claim/claim.c.obj
                0x100013e8                hw_claim_unlock
 .text.hw_claim_or_assert
                0x100013fc       0x44 CMakeFiles/picowinder.dir/.pico-sdk/sdk/src/common/hardware_claim/claim.c.obj
                0x100013fc                hw_claim_or_assert
 .text.hw_claim_unused_from_range
                0x10001440       0x88 CMakeFiles/picowinder.dir/.pico-sdk/sdk/src/common/hardware_claim/claim.c.obj
                0x10001440                hw_claim_unused_from_range
 .text.next_striped_spin_lock_num
                0x100014c8       0x18 CMakeFiles/picowinder.dir/.pico-sdk/sdk/src/rp2_common/hardware_sync/sync.c.obj
                0x100014c8                next_striped_spin_lock_num
 .text.spin_lock_claim_unused
                0x100014e0       0x24 CMakeFiles/picowinder.dir/.pico-sdk/sdk/src/rp2_common/hardware_sync/sync.c.obj
                0x100014e0                spin_lock_claim_unused
 .text.spin_locks_reset
                0x10001504       0x1c CMakeFiles/picowinder.dir/.pico-sdk/sdk/src/rp2_common/hardware_sync_spin_lock/sync_spin_lock.c.obj
                0x10001504                spin_locks_reset
 .text.runtime_init_per_core_irq_priorities
                0x10001520       0x24 CMakeFiles/picowinder.dir/.pico-sdk/sdk/src/rp2_common/hardware_irq/irq.c.obj
                0x10001520                runtime_init_per_core_irq_priorities
 .text.irq_set_enabled
                0x10001544       0x24 CMakeFiles/picowinder.dir/.pico-sdk/sdk/src/rp2_common/hardware_irq/irq.c.obj
                0x10001544                irq_set_enabled
 .text.irq_set_exclusive_handler
                0x10001568       0x54 CMakeFiles/picowinder.dir/.pico-sdk/sdk/src/rp2_common/hardware_irq/irq.c.obj
                0x10001568                irq_set_exclusive_handler
 .text.irq_add_shared_handler
                0x100015bc      0x1f4 CMakeFiles/picowinder.dir/.pico-sdk/sdk/src/rp2_common/hardware_irq/irq.c.obj
                0x100015bc                irq_add_shared_handler
 .text.irq_add_tail_to_free_list
                0x100017b0       0xb4 CMakeFiles/picowinder.dir/.pico-sdk/sdk/src/rp2_common/hardware_irq/irq.c.obj
                0x100017b0                irq_add_tail_to_free_list
 .text.lock_init
                0x10001864       0x10 CMakeFiles/picowinder.dir/.pico-sdk/sdk/src/common/pico_sync/lock_core.c.obj
                0x10001864                lock_init
 .text.runtime_init_mutex
                0x10001874       0x50 CMakeFiles/picowinder.dir/.pico-sdk/sdk/src/common/pico_sync/mutex.c.obj
                0x10001874                runtime_init_mutex
 .text.mutex_init
                0x100018c4       0x1c CMakeFiles/picowinder.dir/.pico-sdk/sdk/src/common/pico_sync/mutex.c.obj
                0x100018c4                mutex_init
 .text.critical_section_init
                0x100018e0       0x1c CMakeFiles/picowinder.dir/.pico-sdk/sdk/src/common/pico_sync/critical_section.c.obj
                0x100018e0                critical_section_init
 .text.sleep_until_callback
                0x100018fc       0x30 CMakeFiles/picowinder.dir/.pico-sdk/sdk/src/common/pico_time/time.c.obj
 .text.alarm_pool_irq_handler
                0x1000192c      0x300 CMakeFiles/picowinder.dir/.pico-sdk/sdk/src/common/pico_time/time.c.obj
 .text.runtime_init_default_alarm_pool
                0x10001c2c       0xdc CMakeFiles/picowinder.dir/.pico-sdk/sdk/src/common/pico_time/time.c.obj
                0x10001c2c                runtime_init_default_alarm_pool
 .text.alarm_pool_add_alarm_at_force_in_context
                0x10001d08       0xb0 CMakeFiles/picowinder.dir/.pico-sdk/sdk/src/common/pico_time/time.c.obj
                0x10001d08                alarm_pool_add_alarm_at_force_in_context
 .text.alarm_pool_cancel_alarm
                0x10001db8       0x74 CMakeFiles/picowinder.dir/.pico-sdk/sdk/src/common/pico_time/time.c.obj
                0x10001db8                alarm_pool_cancel_alarm
 .text.sleep_ms
                0x10001e2c       0xfc CMakeFiles/picowinder.dir/.pico-sdk/sdk/src/common/pico_time/time.c.obj
                0x10001e2c                sleep_ms
 .text.best_effort_wfe_or_timeout
                0x10001f28      0x150 CMakeFiles/picowinder.dir/.pico-sdk/sdk/src/common/pico_time/time.c.obj
                0x10001f28                best_effort_wfe_or_timeout
 .text.timer_hardware_alarm_claim
                0x10002078       0x14 CMakeFiles/picowinder.dir/.pico-sdk/sdk/src/rp2_common/hardware_timer/timer.c.obj
                0x10002078                timer_hardware_alarm_claim
 .text.timer_time_us_64
                0x1000208c       0x10 CMakeFiles/picowinder.dir/.pico-sdk/sdk/src/rp2_common/hardware_timer/timer.c.obj
                0x1000208c                timer_time_us_64
 .text.time_us_64
                0x1000209c       0x14 CMakeFiles/picowinder.dir/.pico-sdk/sdk/src/rp2_common/hardware_timer/timer.c.obj
                0x1000209c                time_us_64
 .text.busy_wait_us
                0x100020b0       0x68 CMakeFiles/picowinder.dir/.pico-sdk/sdk/src/rp2_common/hardware_timer/timer.c.obj
                0x100020b0                busy_wait_us
 .text.busy_wait_until
                0x10002118       0x20 CMakeFiles/picowinder.dir/.pico-sdk/sdk/src/rp2_common/hardware_timer/timer.c.obj
                0x10002118                busy_wait_until
 .text.uart_init
                0x10002138      0x120 CMakeFiles/picowinder.dir/.pico-sdk/sdk/src/rp2_common/hardware_uart/uart.c.obj
                0x10002138                uart_init
 .text.clock_configure_int_divider
                0x10002258       0xf4 CMakeFiles/picowinder.dir/.pico-sdk/sdk/src/rp2_common/hardware_clocks/clocks.c.obj
                0x10002258                clock_configure_int_divider
 .text.clock_configure_undivided
                0x1000234c       0xe8 CMakeFiles/picowinder.dir/.pico-sdk/sdk/src/rp2_common/hardware_clocks/clocks.c.obj
                0x1000234c                clock_configure_undivided
 .text.clock_get_hz
                0x10002434        0xc CMakeFiles/picowinder.dir/.pico-sdk/sdk/src/rp2_common/hardware_clocks/clocks.c.obj
                0x10002434                clock_get_hz
 .text.pll_init
                0x10002440       0xa4 CMakeFiles/picowinder.dir/.pico-sdk/sdk/src/rp2_common/hardware_pll/pll.c.obj
                0x10002440                pll_init
 .text.tick_start
                0x100024e4       0x10 CMakeFiles/picowinder.dir/.pico-sdk/sdk/src/rp2_common/hardware_ticks/ticks.c.obj
                0x100024e4                tick_start
 .text.xosc_init
                0x100024f4       0x28 CMakeFiles/picowinder.dir/.pico-sdk/sdk/src/rp2_common/hardware_xosc/xosc.c.obj
                0x100024f4                xosc_init
 .text.first_per_core_initializer
                0x1000251c        0x4 CMakeFiles/picowinder.dir/.pico-sdk/sdk/src/rp2_common/pico_runtime/runtime.c.obj
 .text.hard_assertion_failure
                0x10002520        0xc CMakeFiles/picowinder.dir/.pico-sdk/sdk/src/rp2_common/pico_runtime/runtime.c.obj
                0x10002520                hard_assertion_failure
 .text.runtime_run_initializers
                0x1000252c       0x28 CMakeFiles/picowinder.dir/.pico-sdk/sdk/src/rp2_common/pico_runtime/runtime.c.obj
                0x1000252c                runtime_run_initializers
 .text.runtime_init_early_resets
                0x10002554       0x2c CMakeFiles/picowinder.dir/.pico-sdk/sdk/src/rp2_common/pico_runtime_init/runtime_init.c.obj
                0x10002554                runtime_init_early_resets
 .text.runtime_init_usb_power_down
                0x10002580       0x1c CMakeFiles/picowinder.dir/.pico-sdk/sdk/src/rp2_common/pico_runtime_init/runtime_init.c.obj
                0x10002580                runtime_init_usb_power_down
 .text.runtime_init_post_clock_resets
                0x1000259c       0x20 CMakeFiles/picowinder.dir/.pico-sdk/sdk/src/rp2_common/pico_runtime_init/runtime_init.c.obj
                0x1000259c                runtime_init_post_clock_resets
 .text.runtime_init_rp2040_gpio_ie_disable
                0x100025bc       0x14 CMakeFiles/picowinder.dir/.pico-sdk/sdk/src/rp2_common/pico_runtime_init/runtime_init.c.obj
                0x100025bc                runtime_init_rp2040_gpio_ie_disable
 .text.runtime_init_spin_locks_reset
                0x100025d0        0x8 CMakeFiles/picowinder.dir/.pico-sdk/sdk/src/rp2_common/pico_runtime_init/runtime_init.c.obj
                0x100025d0                runtime_init_spin_locks_reset
 .text.runtime_init_install_ram_vector_table
                0x100025d8       0x1c CMakeFiles/picowinder.dir/.pico-sdk/sdk/src/rp2_common/pico_runtime_init/runtime_init.c.obj
                0x100025d8                runtime_init_install_ram_vector_table
 .text.runtime_init_clocks
                0x100025f4       0xd8 CMakeFiles/picowinder.dir/.pico-sdk/sdk/src/rp2_common/pico_runtime_init/runtime_init_clocks.c.obj
                0x100025f4                runtime_init_clocks
 .text          0x100026cc       0x10 CMakeFiles/picowinder.dir/.pico-sdk/sdk/src/rp2_common/pico_bit_ops/bit_ops_aeabi.S.obj
 .text.rom_func_lookup
                0x100026dc       0x10 CMakeFiles/picowinder.dir/.pico-sdk/sdk/src/rp2_common/pico_bootrom/bootrom.c.obj
                0x100026dc                rom_func_lookup
 .text.rom_data_lookup
                0x100026ec       0x10 CMakeFiles/picowinder.dir/.pico-sdk/sdk/src/rp2_common/pico_bootrom/bootrom.c.obj
                0x100026ec                rom_data_lookup
 .text.rom_funcs_lookup
                0x100026fc       0x44 CMakeFiles/picowinder.dir/.pico-sdk/sdk/src/rp2_common/pico_bootrom/bootrom.c.obj
                0x100026fc                rom_funcs_lookup
 .text.__wrap___aeabi_idiv
                0x10002740       0x50 CMakeFiles/picowinder.dir/.pico-sdk/sdk/src/rp2_common/pico_divider/divider_hardware.S.obj
                0x10002740                __wrap___aeabi_idivmod
                0x10002740                divmod_s32s32
                0x10002740                div_s32s32
                0x10002740                __wrap___aeabi_idiv
                0x10002748                divmod_s32s32_unsafe
                0x10002774                divmod_s32s32_savestate
 .text.__wrap___aeabi_uidiv
                0x10002790       0x4c CMakeFiles/picowinder.dir/.pico-sdk/sdk/src/rp2_common/pico_divider/divider_hardware.S.obj
                0x10002790                __wrap___aeabi_uidiv
                0x10002790                __wrap___aeabi_uidivmod
                0x10002790                div_u32u32
                0x10002790                divmod_u32u32
                0x10002798                divmod_u32u32_unsafe
                0x100027c0                divmod_u32u32_savestate
 .text.__aeabi_double_init
                0x100027dc       0xa4 CMakeFiles/picowinder.dir/.pico-sdk/sdk/src/rp2_common/pico_double/double_init_rom_rp2040.c.obj
                0x100027dc                __aeabi_double_init
 .text.double_table_shim_on_use_helper
                0x10002880       0x2c CMakeFiles/picowinder.dir/.pico-sdk/sdk/src/rp2_common/pico_double/double_v1_rom_shim_rp2040.S.obj
                0x10002880                double_table_shim_on_use_helper
 .text.__aeabi_lmul
                0x100028ac       0x32 CMakeFiles/picowinder.dir/.pico-sdk/sdk/src/rp2_common/pico_int64_ops/pico_int64_ops_aeabi.S.obj
                0x100028ac                __wrap___aeabi_lmul
 *fill*         0x100028de        0x2 
 .text.__wrap___aeabi_farithmetic
                0x100028e0       0x48 CMakeFiles/picowinder.dir/.pico-sdk/sdk/src/rp2_common/pico_float/float_aeabi_rp2040.S.obj
                0x100028e0                __wrap___aeabi_frsub
                0x100028e6                __wrap___aeabi_fsub
                0x100028ec                __wrap___aeabi_fadd
                0x100028f2                __wrap___aeabi_fdiv
                0x1000291a                __wrap___aeabi_fmul
 .text.__wrap___aeabi_ui2f
                0x10002928        0xa CMakeFiles/picowinder.dir/.pico-sdk/sdk/src/rp2_common/pico_float/float_aeabi_rp2040.S.obj
                0x10002928                uint2float
                0x10002928                __wrap___aeabi_ui2f
 *fill*         0x10002932        0x2 
 .text.__wrap___aeabi_i2f
                0x10002934       0x44 CMakeFiles/picowinder.dir/.pico-sdk/sdk/src/rp2_common/pico_float/float_aeabi_rp2040.S.obj
                0x10002934                int2float
                0x10002934                __wrap___aeabi_i2f
 .text.__wrap___aeabi_f2uiz
                0x10002978        0xc CMakeFiles/picowinder.dir/.pico-sdk/sdk/src/rp2_common/pico_float/float_aeabi_rp2040.S.obj
                0x10002978                float2uint_z
                0x10002978                __wrap___aeabi_f2uiz
 .text.__aeabi_float_init
                0x10002984       0x64 CMakeFiles/picowinder.dir/.pico-sdk/sdk/src/rp2_common/pico_float/float_init_rom_rp2040.c.obj
                0x10002984                __aeabi_float_init
 .text.float_table_shim_on_use_helper
                0x100029e8       0x2c CMakeFiles/picowinder.dir/.pico-sdk/sdk/src/rp2_common/pico_float/float_v1_rom_shim_rp2040.S.obj
                0x100029e8                float_table_shim_on_use_helper
 .text          0x10002a14       0x10 CMakeFiles/picowinder.dir/.pico-sdk/sdk/src/rp2_common/pico_mem_ops/mem_ops_aeabi.S.obj
                0x10002a14                __aeabi_mem_init
 .text.memset   0x10002a24        0xc CMakeFiles/picowinder.dir/.pico-sdk/sdk/src/rp2_common/pico_mem_ops/mem_ops_aeabi.S.obj
                0x10002a24                __wrap_memset
 .text.memcpy   0x10002a30        0xc CMakeFiles/picowinder.dir/.pico-sdk/sdk/src/rp2_common/pico_mem_ops/mem_ops_aeabi.S.obj
                0x10002a30                __wrap___aeabi_memcpy
                0x10002a30                __wrap_memcpy
 .text._out_char
                0x10002a3c       0x10 CMakeFiles/picowinder.dir/.pico-sdk/sdk/src/rp2_common/pico_printf/printf.c.obj
 .text.weak_raw_vprintf
                0x10002a4c       0x30 CMakeFiles/picowinder.dir/.pico-sdk/sdk/src/rp2_common/pico_printf/printf.c.obj
                0x10002a4c                weak_raw_vprintf
 .text._exit    0x10002a7c        0x4 CMakeFiles/picowinder.dir/.pico-sdk/sdk/src/rp2_common/pico_clib_interface/newlib_interface.c.obj
                0x10002a7c                _exit
 .text.exit     0x10002a80        0x8 CMakeFiles/picowinder.dir/.pico-sdk/sdk/src/rp2_common/pico_clib_interface/newlib_interface.c.obj
                0x10002a80                exit
 .text.runtime_init
                0x10002a88       0x2c CMakeFiles/picowinder.dir/.pico-sdk/sdk/src/rp2_common/pico_clib_interface/newlib_interface.c.obj
                0x10002a88                runtime_init
 .text.stdio_out_chars_no_crlf
                0x10002ab4       0x10 CMakeFiles/picowinder.dir/.pico-sdk/sdk/src/rp2_common/pico_stdio/stdio.c.obj
 .text.stdio_out_chars_crlf
                0x10002ac4       0xb0 CMakeFiles/picowinder.dir/.pico-sdk/sdk/src/rp2_common/pico_stdio/stdio.c.obj
 .text.stdio_put_string
                0x10002b74       0xfc CMakeFiles/picowinder.dir/.pico-sdk/sdk/src/rp2_common/pico_stdio/stdio.c.obj
                0x10002b74                stdio_put_string
 .text.__wrap_putchar
                0x10002c70       0x94 CMakeFiles/picowinder.dir/.pico-sdk/sdk/src/rp2_common/pico_stdio/stdio.c.obj
                0x10002c70                stdio_putchar
                0x10002c70                __wrap_putchar
 .text.__wrap_puts
                0x10002d04       0x3c CMakeFiles/picowinder.dir/.pico-sdk/sdk/src/rp2_common/pico_stdio/stdio.c.obj
                0x10002d04                __wrap_puts
                0x10002d04                stdio_puts
 .text.add_program_at_offset
                0x10002d40       0xa4 CMakeFiles/picowinder.dir/.pico-sdk/sdk/src/rp2_common/hardware_pio/pio.c.obj
 .text.pio_add_program
                0x10002de4       0x74 CMakeFiles/picowinder.dir/.pico-sdk/sdk/src/rp2_common/hardware_pio/pio.c.obj
                0x10002de4                pio_add_program
 .text.pio_sm_set_consecutive_pindirs
                0x10002e58       0xb4 CMakeFiles/picowinder.dir/.pico-sdk/sdk/src/rp2_common/hardware_pio/pio.c.obj
                0x10002e58                pio_sm_set_consecutive_pindirs
 .text.pio_sm_init
                0x10002f0c       0x98 CMakeFiles/picowinder.dir/.pico-sdk/sdk/src/rp2_common/hardware_pio/pio.c.obj
                0x10002f0c                pio_sm_init
 .text.dcd_init
                0x10002fa4       0x8c CMakeFiles/picowinder.dir/.pico-sdk/sdk/lib/tinyusb/src/portable/raspberrypi/rp2040/dcd_rp2040.c.obj
                0x10002fa4                dcd_init
 .text.dcd_int_enable
                0x10003030        0xc CMakeFiles/picowinder.dir/.pico-sdk/sdk/lib/tinyusb/src/portable/raspberrypi/rp2040/dcd_rp2040.c.obj
                0x10003030                dcd_int_enable
 .text.dcd_set_address
                0x1000303c       0x14 CMakeFiles/picowinder.dir/.pico-sdk/sdk/lib/tinyusb/src/portable/raspberrypi/rp2040/dcd_rp2040.c.obj
                0x1000303c                dcd_set_address
 .text.dcd_remote_wakeup
                0x10003050       0x18 CMakeFiles/picowinder.dir/.pico-sdk/sdk/lib/tinyusb/src/portable/raspberrypi/rp2040/dcd_rp2040.c.obj
                0x10003050                dcd_remote_wakeup
 .text.dcd_sof_enable
                0x10003068       0x1c CMakeFiles/picowinder.dir/.pico-sdk/sdk/lib/tinyusb/src/portable/raspberrypi/rp2040/dcd_rp2040.c.obj
                0x10003068                dcd_sof_enable
 .text.dcd_edpt0_status_complete
                0x10003084       0x1c CMakeFiles/picowinder.dir/.pico-sdk/sdk/lib/tinyusb/src/portable/raspberrypi/rp2040/dcd_rp2040.c.obj
                0x10003084                dcd_edpt0_status_complete
 .text.dcd_edpt_open
                0x100030a0      0x108 CMakeFiles/picowinder.dir/.pico-sdk/sdk/lib/tinyusb/src/portable/raspberrypi/rp2040/dcd_rp2040.c.obj
                0x100030a0                dcd_edpt_open
 .text.dcd_edpt_close_all
                0x100031a8        0x8 CMakeFiles/picowinder.dir/.pico-sdk/sdk/lib/tinyusb/src/portable/raspberrypi/rp2040/dcd_rp2040.c.obj
                0x100031a8                dcd_edpt_close_all
 .text.dcd_edpt_xfer
                0x100031b0       0x24 CMakeFiles/picowinder.dir/.pico-sdk/sdk/lib/tinyusb/src/portable/raspberrypi/rp2040/dcd_rp2040.c.obj
                0x100031b0                dcd_edpt_xfer
 .text.dcd_edpt_stall
                0x100031d4       0x3c CMakeFiles/picowinder.dir/.pico-sdk/sdk/lib/tinyusb/src/portable/raspberrypi/rp2040/dcd_rp2040.c.obj
                0x100031d4                dcd_edpt_stall
 .text.dcd_edpt_clear_stall
                0x10003210       0x30 CMakeFiles/picowinder.dir/.pico-sdk/sdk/lib/tinyusb/src/portable/raspberrypi/rp2040/dcd_rp2040.c.obj
                0x10003210                dcd_edpt_clear_stall
 .text.rp2040_usb_init
                0x10003240       0x40 CMakeFiles/picowinder.dir/.pico-sdk/sdk/lib/tinyusb/src/portable/raspberrypi/rp2040/rp2040_usb.c.obj
                0x10003240                rp2040_usb_init
 .text.hw_endpoint_xfer_start
                0x10003280       0x40 CMakeFiles/picowinder.dir/.pico-sdk/sdk/lib/tinyusb/src/portable/raspberrypi/rp2040/rp2040_usb.c.obj
                0x10003280                hw_endpoint_xfer_start
 .text.tud_vendor_control_xfer_cb
                0x100032c0        0x4 CMakeFiles/picowinder.dir/.pico-sdk/sdk/lib/tinyusb/src/device/usbd.c.obj
                0x100032c0                tud_vendor_control_xfer_cb
 .text.tud_event_hook_cb
                0x100032c4        0x4 CMakeFiles/picowinder.dir/.pico-sdk/sdk/lib/tinyusb/src/device/usbd.c.obj
                0x100032c4                tud_event_hook_cb
 .text.tud_sof_cb
                0x100032c8        0x4 CMakeFiles/picowinder.dir/.pico-sdk/sdk/lib/tinyusb/src/device/usbd.c.obj
                0x100032c8                tud_sof_cb
 .text.tud_descriptor_bos_cb
                0x100032cc        0x4 CMakeFiles/picowinder.dir/.pico-sdk/sdk/lib/tinyusb/src/device/usbd.c.obj
                0x100032cc                tud_descriptor_bos_cb
 .text.tud_descriptor_device_qualifier_cb
                0x100032d0        0x4 CMakeFiles/picowinder.dir/.pico-sdk/sdk/lib/tinyusb/src/device/usbd.c.obj
                0x100032d0                tud_descriptor_device_qualifier_cb
 .text.tud_descriptor_other_speed_configuration_cb
                0x100032d4        0x4 CMakeFiles/picowinder.dir/.pico-sdk/sdk/lib/tinyusb/src/device/usbd.c.obj
                0x100032d4                tud_descriptor_other_speed_configuration_cb
 .text.tud_mount_cb
                0x100032d8        0x4 CMakeFiles/picowinder.dir/.pico-sdk/sdk/lib/tinyusb/src/device/usbd.c.obj
                0x100032d8                tud_mount_cb
 .text.tud_umount_cb
                0x100032dc        0x4 CMakeFiles/picowinder.dir/.pico-sdk/sdk/lib/tinyusb/src/device/usbd.c.obj
                0x100032dc                tud_umount_cb
 .text.tud_suspend_cb
                0x100032e0        0x4 CMakeFiles/picowinder.dir/.pico-sdk/sdk/lib/tinyusb/src/device/usbd.c.obj
                0x100032e0                tud_suspend_cb
 .text.tud_resume_cb
                0x100032e4        0x4 CMakeFiles/picowinder.dir/.pico-sdk/sdk/lib/tinyusb/src/device/usbd.c.obj
                0x100032e4                tud_resume_cb
 .text.tud_mounted
                0x100032e8       0x10 CMakeFiles/picowinder.dir/.pico-sdk/sdk/lib/tinyusb/src/device/usbd.c.obj
                0x100032e8                tud_mounted
 .text.tud_suspended
                0x100032f8       0x10 CMakeFiles/picowinder.dir/.pico-sdk/sdk/lib/tinyusb/src/device/usbd.c.obj
                0x100032f8                tud_suspended
 .text.tud_remote_wakeup
                0x10003308       0x30 CMakeFiles/picowinder.dir/.pico-sdk/sdk/lib/tinyusb/src/device/usbd.c.obj
                0x10003308                tud_remote_wakeup
 .text.tud_init
                0x10003338       0xdc CMakeFiles/picowinder.dir/.pico-sdk/sdk/lib/tinyusb/src/device/usbd.c.obj
                0x10003338                tud_init
 .text.tud_task_ext
                0x10003414      0x7c0 CMakeFiles/picowinder.dir/.pico-sdk/sdk/lib/tinyusb/src/device/usbd.c.obj
                0x10003414                tud_task_ext
 .text.usbd_open_edpt_pair
                0x10003bd4       0x9c CMakeFiles/picowinder.dir/.pico-sdk/sdk/lib/tinyusb/src/device/usbd.c.obj
                0x10003bd4                usbd_open_edpt_pair
 .text.usbd_edpt_claim
                0x10003c70       0x28 CMakeFiles/picowinder.dir/.pico-sdk/sdk/lib/tinyusb/src/device/usbd.c.obj
                0x10003c70                usbd_edpt_claim
 .text.usbd_edpt_xfer
                0x10003c98       0x4c CMakeFiles/picowinder.dir/.pico-sdk/sdk/lib/tinyusb/src/device/usbd.c.obj
                0x10003c98                usbd_edpt_xfer
 .text.usbd_edpt_busy
                0x10003ce4       0x1c CMakeFiles/picowinder.dir/.pico-sdk/sdk/lib/tinyusb/src/device/usbd.c.obj
                0x10003ce4                usbd_edpt_busy
 .text.tud_control_status
                0x10003d00       0x2c CMakeFiles/picowinder.dir/.pico-sdk/sdk/lib/tinyusb/src/device/usbd_control.c.obj
                0x10003d00                tud_control_status
 .text.tud_control_xfer
                0x10003d2c       0xa8 CMakeFiles/picowinder.dir/.pico-sdk/sdk/lib/tinyusb/src/device/usbd_control.c.obj
                0x10003d2c                tud_control_xfer
 .text.usbd_control_reset
                0x10003dd4       0x14 CMakeFiles/picowinder.dir/.pico-sdk/sdk/lib/tinyusb/src/device/usbd_control.c.obj
                0x10003dd4                usbd_control_reset
 .text.usbd_control_set_complete_callback
                0x10003de8        0xc CMakeFiles/picowinder.dir/.pico-sdk/sdk/lib/tinyusb/src/device/usbd_control.c.obj
                0x10003de8                usbd_control_set_complete_callback
 .text.usbd_control_set_request
                0x10003df4       0x1c CMakeFiles/picowinder.dir/.pico-sdk/sdk/lib/tinyusb/src/device/usbd_control.c.obj
                0x10003df4                usbd_control_set_request
 .text.usbd_control_xfer_cb
                0x10003e10       0xec CMakeFiles/picowinder.dir/.pico-sdk/sdk/lib/tinyusb/src/device/usbd_control.c.obj
                0x10003e10                usbd_control_xfer_cb
 .text.tud_hid_set_protocol_cb
                0x10003efc        0x4 CMakeFiles/picowinder.dir/.pico-sdk/sdk/lib/tinyusb/src/class/hid/hid_device.c.obj
                0x10003efc                tud_hid_set_protocol_cb
 .text.tud_hid_set_idle_cb
                0x10003f00        0x4 CMakeFiles/picowinder.dir/.pico-sdk/sdk/lib/tinyusb/src/class/hid/hid_device.c.obj
                0x10003f00                tud_hid_set_idle_cb
 .text.tud_hid_report_complete_cb
                0x10003f04        0x4 CMakeFiles/picowinder.dir/.pico-sdk/sdk/lib/tinyusb/src/class/hid/hid_device.c.obj
                0x10003f04                tud_hid_report_complete_cb
 .text.tud_hid_report_failed_cb
                0x10003f08        0x4 CMakeFiles/picowinder.dir/.pico-sdk/sdk/lib/tinyusb/src/class/hid/hid_device.c.obj
                0x10003f08                tud_hid_report_failed_cb
 .text.tud_hid_n_ready
                0x10003f0c       0x38 CMakeFiles/picowinder.dir/.pico-sdk/sdk/lib/tinyusb/src/class/hid/hid_device.c.obj
                0x10003f0c                tud_hid_n_ready
 .text.tud_hid_n_report
                0x10003f44       0x88 CMakeFiles/picowinder.dir/.pico-sdk/sdk/lib/tinyusb/src/class/hid/hid_device.c.obj
                0x10003f44                tud_hid_n_report
 .text.hidd_init
                0x10003fcc       0x14 CMakeFiles/picowinder.dir/.pico-sdk/sdk/lib/tinyusb/src/class/hid/hid_device.c.obj
                0x10003fcc                hidd_init
 .text.hidd_deinit
                0x10003fe0        0x4 CMakeFiles/picowinder.dir/.pico-sdk/sdk/lib/tinyusb/src/class/hid/hid_device.c.obj
                0x10003fe0                hidd_deinit
 .text.hidd_reset
                0x10003fe4       0x14 CMakeFiles/picowinder.dir/.pico-sdk/sdk/lib/tinyusb/src/class/hid/hid_device.c.obj
                0x10003fe4                hidd_reset
 .text.hidd_open
                0x10003ff8       0x88 CMakeFiles/picowinder.dir/.pico-sdk/sdk/lib/tinyusb/src/class/hid/hid_device.c.obj
                0x10003ff8                hidd_open
 .text.hidd_control_xfer_cb
                0x10004080      0x18c CMakeFiles/picowinder.dir/.pico-sdk/sdk/lib/tinyusb/src/class/hid/hid_device.c.obj
                0x10004080                hidd_control_xfer_cb
 .text.hidd_xfer_cb
                0x1000420c       0x84 CMakeFiles/picowinder.dir/.pico-sdk/sdk/lib/tinyusb/src/class/hid/hid_device.c.obj
                0x1000420c                hidd_xfer_cb
 .text.tu_edpt_claim
                0x10004290       0x50 CMakeFiles/picowinder.dir/.pico-sdk/sdk/lib/tinyusb/src/tusb.c.obj
                0x10004290                tu_edpt_claim
 .text.tu_edpt_validate
                0x100042e0       0x7c CMakeFiles/picowinder.dir/.pico-sdk/sdk/lib/tinyusb/src/tusb.c.obj
                0x100042e0                tu_edpt_validate
 .text.tu_edpt_bind_driver
                0x1000435c       0x34 CMakeFiles/picowinder.dir/.pico-sdk/sdk/lib/tinyusb/src/tusb.c.obj
                0x1000435c                tu_edpt_bind_driver
 .text.tu_fifo_read
                0x10004390       0x9c CMakeFiles/picowinder.dir/.pico-sdk/sdk/lib/tinyusb/src/common/tusb_fifo.c.obj
                0x10004390                tu_fifo_read
 .text.tu_fifo_write
                0x1000442c       0xa4 CMakeFiles/picowinder.dir/.pico-sdk/sdk/lib/tinyusb/src/common/tusb_fifo.c.obj
                0x1000442c                tu_fifo_write
 .text.tu_fifo_clear
                0x100044d0       0x40 CMakeFiles/picowinder.dir/.pico-sdk/sdk/lib/tinyusb/src/common/tusb_fifo.c.obj
                0x100044d0                tu_fifo_clear
 .text.board_get_unique_id
                0x10004510       0x24 CMakeFiles/picowinder.dir/.pico-sdk/sdk/lib/tinyusb/hw/bsp/rp2040/family.c.obj
                0x10004510                board_get_unique_id
 .text.startup._retrieve_unique_id_on_boot
                0x10004534       0x10 CMakeFiles/picowinder.dir/.pico-sdk/sdk/src/rp2_common/pico_unique_id/unique_id.c.obj
 .text.pico_get_unique_board_id
                0x10004544       0x10 CMakeFiles/picowinder.dir/.pico-sdk/sdk/src/rp2_common/pico_unique_id/unique_id.c.obj
                0x10004544                pico_get_unique_board_id
 .text.flash_get_unique_id
                0x10004554       0x3c CMakeFiles/picowinder.dir/.pico-sdk/sdk/src/rp2_common/hardware_flash/flash.c.obj
                0x10004554                flash_get_unique_id
 .text.memcmp   0x10004590       0x48 /home/dev/.local/share/stm32cube/bundles/gnu-tools-for-stm32/14.3.1+st.2/bin/../lib/gcc/arm-none-eabi/14.3.1/../../../../arm-none-eabi/lib/thumb/v6-m/nofp/libg.a(libc_a-memcmp.o)
                0x10004590                memcmp
 .text.strlen   0x100045d8       0x5c /home/dev/.local/share/stm32cube/bundles/gnu-tools-for-stm32/14.3.1+st.2/bin/../lib/gcc/arm-none-eabi/14.3.1/../../../../arm-none-eabi/lib/thumb/v6-m/nofp/libg.a(libc_a-strlen-stub.o)
                0x100045d8                strlen
 *(.fini)
 .fini          0x10004634        0x4 /home/dev/.local/share/stm32cube/bundles/gnu-tools-for-stm32/14.3.1+st.2/bin/../lib/gcc/arm-none-eabi/14.3.1/thumb/v6-m/nofp/crti.o
                0x10004634                _fini
 .fini.__stub   0x10004638       0xa0 linker stubs
 *crtbegin.o(.ctors)
 *crtbegin?.o(.ctors)
 *(EXCLUDE_FILE(*crtend.o *crtend?.o) .ctors)
 *(SORT_BY_NAME(.ctors.*))
 *(.ctors)
 *crtbegin.o(.dtors)
 *crtbegin?.o(.dtors)
 *(EXCLUDE_FILE(*crtend.o *crtend?.o) .dtors)
 *(SORT_BY_NAME(.dtors.*))
 *(.dtors)
                0x100046d8                        . = ALIGN (0x4)
                0x100046d8                        PROVIDE (__preinit_array_start = .)
 *(SORT_BY_NAME(.preinit_array.*))
 .preinit_array.00100
                0x100046d8        0x4 CMakeFiles/picowinder.dir/.pico-sdk/sdk/src/rp2_common/pico_runtime_init/runtime_init.c.obj
                0x100046d8                __pre_init_runtime_init_early_resets
 .preinit_array.00101
                0x100046dc        0x4 CMakeFiles/picowinder.dir/.pico-sdk/sdk/src/rp2_common/pico_runtime_init/runtime_init.c.obj
                0x100046dc                __pre_init_runtime_init_usb_power_down
 .preinit_array.00275
                0x100046e0        0x4 CMakeFiles/picowinder.dir/.pico-sdk/sdk/src/rp2_common/pico_bit_ops/bit_ops_aeabi.S.obj
 .preinit_array.00300
                0x100046e4        0x4 CMakeFiles/picowinder.dir/.pico-sdk/sdk/src/rp2_common/pico_mem_ops/mem_ops_aeabi.S.obj
 .preinit_array.00350
                0x100046e8        0x4 CMakeFiles/picowinder.dir/.pico-sdk/sdk/src/rp2_common/pico_double/double_aeabi_rp2040.S.obj
 .preinit_array.00350
                0x100046ec        0x4 CMakeFiles/picowinder.dir/.pico-sdk/sdk/src/rp2_common/pico_float/float_aeabi_rp2040.S.obj
 .preinit_array.00500
                0x100046f0        0x4 CMakeFiles/picowinder.dir/.pico-sdk/sdk/src/rp2_common/pico_runtime_init/runtime_init.c.obj
                0x100046f0                __pre_init_runtime_init_clocks
 .preinit_array.00600
                0x100046f4        0x4 CMakeFiles/picowinder.dir/.pico-sdk/sdk/src/rp2_common/pico_runtime_init/runtime_init.c.obj
                0x100046f4                __pre_init_runtime_init_post_clock_resets
 .preinit_array.00700
                0x100046f8        0x4 CMakeFiles/picowinder.dir/.pico-sdk/sdk/src/rp2_common/pico_runtime_init/runtime_init.c.obj
                0x100046f8                __pre_init_runtime_init_rp2040_gpio_ie_disable
 .preinit_array.01000
                0x100046fc        0x4 CMakeFiles/picowinder.dir/.pico-sdk/sdk/src/rp2_common/pico_runtime_init/runtime_init.c.obj
                0x100046fc                __pre_init_runtime_init_spin_locks_reset
 .preinit_array.01100
                0x10004700        0x4 CMakeFiles/picowinder.dir/.pico-sdk/sdk/src/common/pico_sync/mutex.c.obj
                0x10004700                __pre_init_runtime_init_mutex
 .preinit_array.10080
                0x10004704        0x4 CMakeFiles/picowinder.dir/.pico-sdk/sdk/src/rp2_common/pico_runtime_init/runtime_init.c.obj
                0x10004704                __pre_init_runtime_init_install_ram_vector_table
 .preinit_array.11000
                0x10004708        0x4 CMakeFiles/picowinder.dir/.pico-sdk/sdk/src/common/pico_time/time.c.obj
                0x10004708                __pre_init_runtime_init_default_alarm_pool
 .preinit_array.YYYYY
                0x1000470c        0x4 CMakeFiles/picowinder.dir/.pico-sdk/sdk/src/rp2_common/pico_runtime/runtime.c.obj
                0x1000470c                __pre_init_first_per_core_initializer
 .preinit_array.ZZZZZ.01200
                0x10004710        0x4 CMakeFiles/picowinder.dir/.pico-sdk/sdk/src/rp2_common/hardware_irq/irq.c.obj
                0x10004710                __pre_init_runtime_init_per_core_irq_priorities
 *(.preinit_array)
                0x10004714                        PROVIDE (__preinit_array_end = .)
                0x10004714                        . = ALIGN (0x4)
                0x10004714                        PROVIDE (__init_array_start = .)
 *(SORT_BY_NAME(.init_array.*))
 *(.init_array)
 .init_array    0x10004714        0x4 /home/dev/.local/share/stm32cube/bundles/gnu-tools-for-stm32/14.3.1+st.2/bin/../lib/gcc/arm-none-eabi/14.3.1/thumb/v6-m/nofp/crtbegin.o
 .init_array    0x10004718        0x4 CMakeFiles/picowinder.dir/.pico-sdk/sdk/src/rp2_common/pico_unique_id/unique_id.c.obj
                0x1000471c                        PROVIDE (__init_array_end = .)
                0x1000471c                        . = ALIGN (0x4)
                [!provide]                        PROVIDE (__fini_array_start = .)
 *(SORT_BY_NAME(.fini_array.*))
 *(.fini_array)
                [!provide]                        PROVIDE (__fini_array_end = .)
 *(.eh_frame*)
 .eh_frame      0x1000471c        0x0 /home/dev/.local/share/stm32cube/bundles/gnu-tools-for-stm32/14.3.1+st.2/bin/../lib/gcc/arm-none-eabi/14.3.1/thumb/v6-m/nofp/crtbegin.o
                0x1000471c                        . = ALIGN (0x4)

.glue_7         0x1000471c        0x0
 .glue_7        0x1000471c        0x0 linker stubs

.glue_7t        0x1000471c        0x0
 .glue_7t       0x1000471c        0x0 linker stubs

.vfp11_veneer   0x1000471c        0x0
 .vfp11_veneer  0x1000471c        0x0 linker stubs

.v4_bx          0x1000471c        0x0
 .v4_bx         0x1000471c        0x0 linker stubs

.iplt           0x1000471c        0x0
 .iplt          0x1000471c        0x0 /home/dev/.local/share/stm32cube/bundles/gnu-tools-for-stm32/14.3.1+st.2/bin/../lib/gcc/arm-none-eabi/14.3.1/thumb/v6-m/nofp/crtbegin.o

.rodata         0x1000471c      0x748
 *(EXCLUDE_FILE(*libm.a: *libc.a:*lib_a-mem*.o *libgcc.a:) .rodata*)
 .rodata.tud_hid_set_report_cb
                0x1000471c       0x30 CMakeFiles/picowinder.dir/usb.c.obj
 .rodata.effect_type_usb_to_midi
                0x1000474c        0xc CMakeFiles/picowinder.dir/usb.c.obj
 .rodata.tud_descriptor_string_cb.str1.4
                0x10004758      0x124 CMakeFiles/picowinder.dir/usb_descriptors.c.obj
                                 0x11 (size before relaxing)
 .rodata.str1.4
                0x1000487c       0x17 CMakeFiles/picowinder.dir/usb_descriptors.c.obj
 .rodata.__compound_literal.0
                0x1000487c        0x2 CMakeFiles/picowinder.dir/usb_descriptors.c.obj
 *fill*         0x1000487e        0x2 
 .rodata.desc_configuration
                0x10004880       0x22 CMakeFiles/picowinder.dir/usb_descriptors.c.obj
                0x10004880                desc_configuration
 *fill*         0x100048a2        0x2 
 .rodata.desc_hid_report
                0x100048a4      0x414 CMakeFiles/picowinder.dir/usb_descriptors.c.obj
                0x100048a4                desc_hid_report
 .rodata.desc_device
                0x10004cb8       0x12 CMakeFiles/picowinder.dir/usb_descriptors.c.obj
                0x10004cb8                desc_device
 *fill*         0x10004cca        0x2 
 .rodata.read_joystick_program
                0x10004ccc        0x8 CMakeFiles/picowinder.dir/main.c.obj
 .rodata.read_joystick_program_instructions
                0x10004cd4       0x18 CMakeFiles/picowinder.dir/main.c.obj
 .rodata.ffb_handshake_program
                0x10004cec        0x8 CMakeFiles/picowinder.dir/main.c.obj
 .rodata.ffb_handshake_program_instructions
                0x10004cf4       0x14 CMakeFiles/picowinder.dir/main.c.obj
 .rodata.panic.str1.4
                0x10004d08       0x12 CMakeFiles/picowinder.dir/.pico-sdk/sdk/src/rp2_common/pico_platform_panic/panic.c.obj
 .rodata.spin_lock_claim_unused.str1.4
                0x10004d08       0x1b CMakeFiles/picowinder.dir/.pico-sdk/sdk/src/rp2_common/hardware_sync/sync.c.obj
 .rodata.timer_hardware_alarm_claim.str1.4
                0x10004d08       0x22 CMakeFiles/picowinder.dir/.pico-sdk/sdk/src/rp2_common/hardware_timer/timer.c.obj
 .rodata.hard_assertion_failure.str1.4
                0x10004d08        0xc CMakeFiles/picowinder.dir/.pico-sdk/sdk/src/rp2_common/pico_runtime/runtime.c.obj
 .rodata.str1.4
                0x10004d08       0x34 CMakeFiles/picowinder.dir/.pico-sdk/sdk/src/rp2_common/pico_standard_binary_info/standard_binary_info.c.obj
 .rodata.__bi_84
                0x10004d08        0xc CMakeFiles/picowinder.dir/.pico-sdk/sdk/src/rp2_common/pico_standard_binary_info/standard_binary_info.c.obj
 .rodata.__bi_60
                0x10004d14        0xc CMakeFiles/picowinder.dir/.pico-sdk/sdk/src/rp2_common/pico_standard_binary_info/standard_binary_info.c.obj
 .rodata.__bi_54
                0x10004d20        0xc CMakeFiles/picowinder.dir/.pico-sdk/sdk/src/rp2_common/pico_standard_binary_info/standard_binary_info.c.obj
 .rodata.__bi_48
                0x10004d2c        0xc CMakeFiles/picowinder.dir/.pico-sdk/sdk/src/rp2_common/pico_standard_binary_info/standard_binary_info.c.obj
 .rodata.__bi_42
                0x10004d38        0xc CMakeFiles/picowinder.dir/.pico-sdk/sdk/src/rp2_common/pico_standard_binary_info/standard_binary_info.c.obj
 .rodata.__bi_34
                0x10004d44        0xc CMakeFiles/picowinder.dir/.pico-sdk/sdk/src/rp2_common/pico_standard_binary_info/standard_binary_info.c.obj
 .rodata.__bi_26
                0x10004d50        0xc CMakeFiles/picowinder.dir/.pico-sdk/sdk/src/rp2_common/pico_standard_binary_info/standard_binary_info.c.obj
 .rodata.crlf_str.0
                0x10004d5c        0x2 CMakeFiles/picowinder.dir/.pico-sdk/sdk/src/rp2_common/pico_stdio/stdio.c.obj
 .rodata.str1.4
                0x10004d5e       0x14 CMakeFiles/picowinder.dir/.pico-sdk/sdk/lib/tinyusb/src/portable/raspberrypi/rp2040/dcd_rp2040.c.obj
 .rodata.str1.4
                0x10004d5e       0x48 CMakeFiles/picowinder.dir/.pico-sdk/sdk/lib/tinyusb/src/portable/raspberrypi/rp2040/rp2040_usb.c.obj
 *fill*         0x10004d5e        0x2 
 .rodata.tud_task_ext
                0x10004d60       0x8c CMakeFiles/picowinder.dir/.pico-sdk/sdk/lib/tinyusb/src/device/usbd.c.obj
 .rodata        0x10004dec       0x1c CMakeFiles/picowinder.dir/.pico-sdk/sdk/lib/tinyusb/src/device/usbd.c.obj
 .rodata._usbd_driver
                0x10004e08       0x20 CMakeFiles/picowinder.dir/.pico-sdk/sdk/lib/tinyusb/src/device/usbd.c.obj
 .rodata.hidd_control_xfer_cb
                0x10004e28       0x30 CMakeFiles/picowinder.dir/.pico-sdk/sdk/lib/tinyusb/src/class/hid/hid_device.c.obj
 .rodata.str1.4
                0x10004e58        0x4 CMakeFiles/picowinder.dir/.pico-sdk/sdk/lib/tinyusb/hw/bsp/rp2040/family.c.obj
 .rodata.__bi_147.0
                0x10004e58        0xc CMakeFiles/picowinder.dir/.pico-sdk/sdk/lib/tinyusb/hw/bsp/rp2040/family.c.obj
                0x10004e64                        . = ALIGN (0x4)
 *(SORT_BY_ALIGNMENT(SORT_BY_NAME(.flashdata*)))
                0x10004e64                        . = ALIGN (0x4)

.ARM.extab
 *(.ARM.extab* .gnu.linkonce.armextab.*)
                0x10004e64                        __exidx_start = .

.ARM.exidx
 *(.ARM.exidx* .gnu.linkonce.armexidx.*)
                0x10004e64                        __exidx_end = .
                0x10004e64                        . = ALIGN (0x4)
                0x10004e64                        __binary_info_start = .

.binary_info    0x10004e64       0x20
 *(.binary_info.keep.*)
 .binary_info.keep.__bi_ptr84
                0x10004e64        0x4 CMakeFiles/picowinder.dir/.pico-sdk/sdk/src/rp2_common/pico_standard_binary_info/standard_binary_info.c.obj
 .binary_info.keep.__bi_ptr60
                0x10004e68        0x4 CMakeFiles/picowinder.dir/.pico-sdk/sdk/src/rp2_common/pico_standard_binary_info/standard_binary_info.c.obj
 .binary_info.keep.__bi_ptr54
                0x10004e6c        0x4 CMakeFiles/picowinder.dir/.pico-sdk/sdk/src/rp2_common/pico_standard_binary_info/standard_binary_info.c.obj
 .binary_info.keep.__bi_ptr48
                0x10004e70        0x4 CMakeFiles/picowinder.dir/.pico-sdk/sdk/src/rp2_common/pico_standard_binary_info/standard_binary_info.c.obj
 .binary_info.keep.__bi_ptr42
                0x10004e74        0x4 CMakeFiles/picowinder.dir/.pico-sdk/sdk/src/rp2_common/pico_standard_binary_info/standard_binary_info.c.obj
 .binary_info.keep.__bi_ptr34
                0x10004e78        0x4 CMakeFiles/picowinder.dir/.pico-sdk/sdk/src/rp2_common/pico_standard_binary_info/standard_binary_info.c.obj
 .binary_info.keep.__bi_ptr26
                0x10004e7c        0x4 CMakeFiles/picowinder.dir/.pico-sdk/sdk/src/rp2_common/pico_standard_binary_info/standard_binary_info.c.obj
 .binary_info.keep.__bi_ptr147
                0x10004e80        0x4 CMakeFiles/picowinder.dir/.pico-sdk/sdk/lib/tinyusb/hw/bsp/rp2040/family.c.obj
 *(.binary_info.*)
                0x10004e84                        __binary_info_end = .

.rel.dyn        0x10004e84        0x0
 .rel.iplt      0x10004e84        0x0 /home/dev/.local/share/stm32cube/bundles/gnu-tools-for-stm32/14.3.1+st.2/bin/../lib/gcc/arm-none-eabi/14.3.1/thumb/v6-m/nofp/crtbegin.o
                0x10004e84                        . = ALIGN (0x4)

.ram_vector_table
                0x20000000       0xc0
 *(.ram_vector_table)
 .ram_vector_table
                0x20000000       0xc0 CMakeFiles/picowinder.dir/.pico-sdk/sdk/src/rp2_common/pico_runtime_init/runtime_init.c.obj
                0x20000000                ram_vector_table

.uninitialized_data
                0x200000c0        0x0
                0x200000c0                        . = ALIGN (0x4)
 *(.uninitialized_data*)

.data           0x200000c0      0xf98 load address 0x10004e84
                0x200000c0                        __data_start__ = .
 *(vtable)
 *(.time_critical*)
 .time_critical.mutex_try_enter_block_until
                0x200000c0       0x98 CMakeFiles/picowinder.dir/.pico-sdk/sdk/src/common/pico_sync/mutex.c.obj
                0x200000c0                mutex_try_enter_block_until
 .time_critical.mutex_enter_timeout_ms
                0x20000158       0x8c CMakeFiles/picowinder.dir/.pico-sdk/sdk/src/common/pico_sync/mutex.c.obj
                0x20000158                mutex_enter_timeout_ms
 .time_critical.mutex_exit
                0x200001e4       0x28 CMakeFiles/picowinder.dir/.pico-sdk/sdk/src/common/pico_sync/mutex.c.obj
                0x200001e4                mutex_exit
 .time_critical.reset_non_control_endpoints
                0x2000020c       0x68 CMakeFiles/picowinder.dir/.pico-sdk/sdk/lib/tinyusb/src/portable/raspberrypi/rp2040/dcd_rp2040.c.obj
 .time_critical.hw_handle_buff_status
                0x20000274       0xb8 CMakeFiles/picowinder.dir/.pico-sdk/sdk/lib/tinyusb/src/portable/raspberrypi/rp2040/dcd_rp2040.c.obj
 .time_critical.dcd_rp2040_irq
                0x2000032c      0x574 CMakeFiles/picowinder.dir/.pico-sdk/sdk/lib/tinyusb/src/portable/raspberrypi/rp2040/dcd_rp2040.c.obj
 .time_critical.prepare_ep_buffer
                0x200008a0       0xc8 CMakeFiles/picowinder.dir/.pico-sdk/sdk/lib/tinyusb/src/portable/raspberrypi/rp2040/rp2040_usb.c.obj
 .time_critical.sync_ep_buffer
                0x20000968       0x9c CMakeFiles/picowinder.dir/.pico-sdk/sdk/lib/tinyusb/src/portable/raspberrypi/rp2040/rp2040_usb.c.obj
 .time_critical._hw_endpoint_xfer_sync
                0x20000a04       0x28 CMakeFiles/picowinder.dir/.pico-sdk/sdk/lib/tinyusb/src/portable/raspberrypi/rp2040/rp2040_usb.c.obj
 .time_critical.e15_is_bulkin_ep
                0x20000a2c       0x28 CMakeFiles/picowinder.dir/.pico-sdk/sdk/lib/tinyusb/src/portable/raspberrypi/rp2040/rp2040_usb.c.obj
 .time_critical.e15_is_critical_frame_period
                0x20000a54       0x34 CMakeFiles/picowinder.dir/.pico-sdk/sdk/lib/tinyusb/src/portable/raspberrypi/rp2040/rp2040_usb.c.obj
 .time_critical.hw_endpoint_reset_transfer
                0x20000a88        0xc CMakeFiles/picowinder.dir/.pico-sdk/sdk/lib/tinyusb/src/portable/raspberrypi/rp2040/rp2040_usb.c.obj
                0x20000a88                hw_endpoint_reset_transfer
 .time_critical._hw_endpoint_buffer_control_update32
                0x20000a94       0x50 CMakeFiles/picowinder.dir/.pico-sdk/sdk/lib/tinyusb/src/portable/raspberrypi/rp2040/rp2040_usb.c.obj
                0x20000a94                _hw_endpoint_buffer_control_update32
 .time_critical.hw_endpoint_start_next_buffer
                0x20000ae4       0x68 CMakeFiles/picowinder.dir/.pico-sdk/sdk/lib/tinyusb/src/portable/raspberrypi/rp2040/rp2040_usb.c.obj
                0x20000ae4                hw_endpoint_start_next_buffer
 .time_critical.hw_endpoint_xfer_continue
                0x20000b4c       0x40 CMakeFiles/picowinder.dir/.pico-sdk/sdk/lib/tinyusb/src/portable/raspberrypi/rp2040/rp2040_usb.c.obj
                0x20000b4c                hw_endpoint_xfer_continue
 .time_critical.tinyusb
                0x20000b8c      0x1e0 CMakeFiles/picowinder.dir/.pico-sdk/sdk/lib/tinyusb/src/device/usbd.c.obj
                0x20000b8c                dcd_event_handler
 .time_critical.flash_init_boot2_copyout
                0x20000d6c       0x30 CMakeFiles/picowinder.dir/.pico-sdk/sdk/src/rp2_common/hardware_flash/flash.c.obj
 .time_critical.flash_enable_xip_via_boot2
                0x20000d9c        0xc CMakeFiles/picowinder.dir/.pico-sdk/sdk/src/rp2_common/hardware_flash/flash.c.obj
 .time_critical.flash_cs_force
                0x20000da8       0x38 CMakeFiles/picowinder.dir/.pico-sdk/sdk/src/rp2_common/hardware_flash/flash.c.obj
 .time_critical.flash_do_cmd
                0x20000de0      0x130 CMakeFiles/picowinder.dir/.pico-sdk/sdk/src/rp2_common/hardware_flash/flash.c.obj
                0x20000de0                flash_do_cmd
 *(.text*)
 .text          0x20000f10        0x4 /home/dev/.local/share/stm32cube/bundles/gnu-tools-for-stm32/14.3.1+st.2/bin/../lib/gcc/arm-none-eabi/14.3.1/thumb/v6-m/nofp/libgcc.a(_dvmd_tls.o)
                0x20000f10                __aeabi_ldiv0
                0x20000f10                __aeabi_idiv0
 *fill*         0x20000f14        0x4 
 .text.__stub   0x20000f18       0x80 linker stubs
                0x20000f98                        . = ALIGN (0x4)
 *(.rodata*)
                0x20000f98                        . = ALIGN (0x4)
 *(.data*)
 .data.string_desc_arr
                0x20000f98       0x10 CMakeFiles/picowinder.dir/usb_descriptors.c.obj
                0x20000f98                string_desc_arr
 .data.striped_spin_lock_num
                0x20000fa8        0x1 CMakeFiles/picowinder.dir/.pico-sdk/sdk/src/rp2_common/hardware_sync/sync.c.obj
 *fill*         0x20000fa9        0x3 
 .data          0x20000fac       0x48 CMakeFiles/picowinder.dir/.pico-sdk/sdk/src/rp2_common/hardware_irq/irq_handler_chain.S.obj
                0x20000fac                irq_handler_chain_slots
                0x20000fdc                irq_handler_chain_first_slot
                0x20000fe6                irq_handler_chain_remove_tail
 .data.default_alarm_pool
                0x20000ff4       0x18 CMakeFiles/picowinder.dir/.pico-sdk/sdk/src/common/pico_time/time.c.obj
 *fill*         0x2000100c        0x4 
 .data.aeabi_bits_funcs
                0x20001010       0x10 CMakeFiles/picowinder.dir/.pico-sdk/sdk/src/rp2_common/pico_bit_ops/bit_ops_aeabi.S.obj
                0x20001010                aeabi_bits_funcs
                0x20001020                aeabi_bits_funcs_end
 .data.aeabi_mem_funcs
                0x20001020       0x10 CMakeFiles/picowinder.dir/.pico-sdk/sdk/src/rp2_common/pico_mem_ops/mem_ops_aeabi.S.obj
                0x20001020                aeabi_mem_funcs
                0x20001030                aeabi_mem_funcs_end
 .data._usbd_qdef
                0x20001030       0x1c CMakeFiles/picowinder.dir/.pico-sdk/sdk/lib/tinyusb/src/device/usbd.c.obj
                0x20001030                _usbd_qdef
 .data._usbd_rhport
                0x2000104c        0x1 CMakeFiles/picowinder.dir/.pico-sdk/sdk/lib/tinyusb/src/device/usbd.c.obj
                0x20001050                        . = ALIGN (0x4)
 *fill*         0x2000104d        0x3 
 *(.after_data.*)
                0x20001050                        . = ALIGN (0x4)
                0x20001050                        PROVIDE (__mutex_array_start = .)
 *(SORT_BY_NAME(.mutex_array.*))
 *(.mutex_array)
 .mutex_array   0x20001050        0x8 CMakeFiles/picowinder.dir/.pico-sdk/sdk/src/rp2_common/pico_stdio/stdio.c.obj
                0x20001058                        PROVIDE (__mutex_array_end = .)
                0x20001058                        . = ALIGN (0x4)
 *(.jcr)
                0x20001058                        . = ALIGN (0x4)

.igot.plt       0x20001058        0x0 load address 0x10005e1c
 .igot.plt      0x20001058        0x0 /home/dev/.local/share/stm32cube/bundles/gnu-tools-for-stm32/14.3.1+st.2/bin/../lib/gcc/arm-none-eabi/14.3.1/thumb/v6-m/nofp/crtbegin.o

.tdata          0x20001058        0x0 load address 0x10005e1c
                0x20001058                        . = ALIGN (0x4)
 *(.tdata .tdata.* .gnu.linkonce.td.*)
                0x20001058                        __tdata_end = .
                0x20001058                        PROVIDE (__data_end__ = .)
                0x10004e84                        __etext = LOADADDR (.data)

.tbss           0x20001058        0x0 load address 0x10005e1c
                0x20001058                        . = ALIGN (0x4)
                0x20001058                        __bss_start__ = .
                0x20001058                        __tls_base = .
 *(.tbss .tbss.* .gnu.linkonce.tb.*)
 *(.tcommon)
                0x20001058                        __tls_end = .

.bss            0x20001058      0xd60 load address 0x10005e1c
                0x20001058                        . = ALIGN (0x4)
                0x20001058                        __tbss_end = .
 *(SORT_BY_ALIGNMENT(SORT_BY_NAME(.bss*)))
 .bss.default_alarm_pool_entries
                0x20001058      0x180 CMakeFiles/picowinder.dir/.pico-sdk/sdk/src/common/pico_time/time.c.obj
 .bss.effects_assigned
                0x200011d8       0x29 CMakeFiles/picowinder.dir/ffb_midi.c.obj
 *fill*         0x20001201        0x7 
 .bss.sd_table  0x20001208      0x100 CMakeFiles/picowinder.dir/.pico-sdk/sdk/src/rp2_common/pico_double/double_init_rom_rp2040.c.obj
                0x20001208                sd_table
 .bss.sf_table  0x20001308      0x100 CMakeFiles/picowinder.dir/.pico-sdk/sdk/src/rp2_common/pico_float/float_init_rom_rp2040.c.obj
                0x20001308                sf_table
 .bss           0x20001408       0x1c /home/dev/.local/share/stm32cube/bundles/gnu-tools-for-stm32/14.3.1+st.2/bin/../lib/gcc/arm-none-eabi/14.3.1/thumb/v6-m/nofp/crtbegin.o
 .bss._app_driver
                0x20001424        0x4 CMakeFiles/picowinder.dir/.pico-sdk/sdk/lib/tinyusb/src/device/usbd.c.obj
 .bss._ctrl_xfer
                0x20001428       0x14 CMakeFiles/picowinder.dir/.pico-sdk/sdk/lib/tinyusb/src/device/usbd_control.c.obj
 .bss._desc_str.0
                0x2000143c       0x40 CMakeFiles/picowinder.dir/usb_descriptors.c.obj
 .bss._hidd_itf
                0x2000147c       0x3c CMakeFiles/picowinder.dir/.pico-sdk/sdk/lib/tinyusb/src/class/hid/hid_device.c.obj
 .bss._ubsd_mutexdef
                0x200014b8        0x8 CMakeFiles/picowinder.dir/.pico-sdk/sdk/lib/tinyusb/src/device/usbd.c.obj
 .bss._usbd_ctrl_buf
                0x200014c0       0x40 CMakeFiles/picowinder.dir/.pico-sdk/sdk/lib/tinyusb/src/device/usbd_control.c.obj
 .bss._usbd_dev
                0x20001500       0x54 CMakeFiles/picowinder.dir/.pico-sdk/sdk/lib/tinyusb/src/device/usbd.c.obj
 .bss._usbd_mutex
                0x20001554        0x4 CMakeFiles/picowinder.dir/.pico-sdk/sdk/lib/tinyusb/src/device/usbd.c.obj
 .bss._usbd_q   0x20001558        0x4 CMakeFiles/picowinder.dir/.pico-sdk/sdk/lib/tinyusb/src/device/usbd.c.obj
 .bss._usbd_qdef_buf
                0x2000155c       0xc0 CMakeFiles/picowinder.dir/.pico-sdk/sdk/lib/tinyusb/src/device/usbd.c.obj
                0x2000155c                _usbd_qdef_buf
 .bss._used_instruction_space
                0x2000161c        0x8 CMakeFiles/picowinder.dir/.pico-sdk/sdk/src/rp2_common/hardware_pio/pio.c.obj
 .bss.boot2_copyout
                0x20001624      0x100 CMakeFiles/picowinder.dir/.pico-sdk/sdk/src/rp2_common/hardware_flash/flash.c.obj
 .bss.claimed   0x20001724        0x4 CMakeFiles/picowinder.dir/.pico-sdk/sdk/src/rp2_common/hardware_sync/sync.c.obj
 .bss.claimed   0x20001728        0x1 CMakeFiles/picowinder.dir/.pico-sdk/sdk/src/rp2_common/hardware_timer/timer.c.obj
 *fill*         0x20001729        0x3 
 .bss.configured_freq
                0x2000172c       0x28 CMakeFiles/picowinder.dir/.pico-sdk/sdk/src/rp2_common/hardware_clocks/clocks.c.obj
 .bss.drivers   0x20001754        0x4 CMakeFiles/picowinder.dir/.pico-sdk/sdk/src/rp2_common/pico_stdio/stdio.c.obj
 .bss.e15_last_sof
                0x20001758        0x4 CMakeFiles/picowinder.dir/.pico-sdk/sdk/lib/tinyusb/src/portable/raspberrypi/rp2040/rp2040_usb.c.obj
                0x20001758                e15_last_sof
 .bss.filter    0x2000175c        0x4 CMakeFiles/picowinder.dir/.pico-sdk/sdk/src/rp2_common/pico_stdio/stdio.c.obj
 .bss.hid_report_buffers
                0x20001760       0x12 CMakeFiles/picowinder.dir/main.c.obj
 *fill*         0x20001772        0x2 
 .bss.hw_endpoints
                0x20001774      0x400 CMakeFiles/picowinder.dir/.pico-sdk/sdk/lib/tinyusb/src/portable/raspberrypi/rp2040/dcd_rp2040.c.obj
 .bss.lazy_vsnprintf
                0x20001b74        0x4 CMakeFiles/picowinder.dir/.pico-sdk/sdk/src/rp2_common/pico_printf/printf.c.obj
 .bss.midi_tx_queue
                0x20001b78      0x200 CMakeFiles/picowinder.dir/ffb_midi.c.obj
 .bss.midi_uart
                0x20001d78        0x4 CMakeFiles/picowinder.dir/ffb_midi.c.obj
 .bss.midi_uart_irq
                0x20001d7c        0x4 CMakeFiles/picowinder.dir/ffb_midi.c.obj
 .bss.next_buffer_ptr
                0x20001d80        0x4 CMakeFiles/picowinder.dir/.pico-sdk/sdk/lib/tinyusb/src/portable/raspberrypi/rp2040/dcd_rp2040.c.obj
 .bss.pools     0x20001d84       0x10 CMakeFiles/picowinder.dir/.pico-sdk/sdk/src/common/pico_time/time.c.obj
 .bss.retrieved_id
                0x20001d94        0x8 CMakeFiles/picowinder.dir/.pico-sdk/sdk/src/rp2_common/pico_unique_id/unique_id.c.obj
 .bss.sf_clz_func
                0x20001d9c        0x4 CMakeFiles/picowinder.dir/.pico-sdk/sdk/src/rp2_common/pico_double/double_init_rom_rp2040.c.obj
                0x20001d9c                sf_clz_func
 .bss.sleep_notifier
                0x20001da0        0x4 CMakeFiles/picowinder.dir/.pico-sdk/sdk/src/common/pico_time/time.c.obj
 .bss.uart_char_to_line_feed
                0x20001da4        0x4 CMakeFiles/picowinder.dir/.pico-sdk/sdk/src/rp2_common/hardware_uart/uart.c.obj
                0x20001da4                uart_char_to_line_feed
 .bss.latest_buttons
                0x20001da8        0x2 CMakeFiles/picowinder.dir/main.c.obj
 .bss.midi_tx_head
                0x20001daa        0x2 CMakeFiles/picowinder.dir/ffb_midi.c.obj
 .bss.midi_tx_tail
                0x20001dac        0x2 CMakeFiles/picowinder.dir/ffb_midi.c.obj
 .bss._app_driver_count
                0x20001dae        0x1 CMakeFiles/picowinder.dir/.pico-sdk/sdk/lib/tinyusb/src/device/usbd.c.obj
 .bss._sof_enable
                0x20001daf        0x1 CMakeFiles/picowinder.dir/.pico-sdk/sdk/lib/tinyusb/src/portable/raspberrypi/rp2040/dcd_rp2040.c.obj
 .bss._usbd_queued_setup
                0x20001db0        0x1 CMakeFiles/picowinder.dir/.pico-sdk/sdk/lib/tinyusb/src/device/usbd.c.obj
 .bss.boot2_copyout_valid
                0x20001db1        0x1 CMakeFiles/picowinder.dir/.pico-sdk/sdk/src/rp2_common/hardware_flash/flash.c.obj
 .bss.hid_report_index
                0x20001db2        0x1 CMakeFiles/picowinder.dir/main.c.obj
 .bss.hid_report_pending
                0x20001db3        0x1 CMakeFiles/picowinder.dir/main.c.obj
 .bss.irq_handler_chain_free_slot_head
                0x20001db4        0x1 CMakeFiles/picowinder.dir/.pico-sdk/sdk/src/rp2_common/hardware_irq/irq.c.obj
 .bss.last_add_succeeded
                0x20001db5        0x1 CMakeFiles/picowinder.dir/ffb_midi.c.obj
 .bss.last_assigned_effect_id
                0x20001db6        0x1 CMakeFiles/picowinder.dir/ffb_midi.c.obj
 *(COMMON)
                0x20001db8                        . = ALIGN (0x4)
 *fill*         0x20001db7        0x1 
                0x20001db8                        __bss_end__ = .

.heap           0x20001db8    0x3e248 load address 0x10005e1c
                0x20001db8                        __end__ = .
                0x20001db8                        end = __end__
 *(.heap*)
 .heap          0x20001db8      0x800 CMakeFiles/picowinder.dir/.pico-sdk/sdk/src/rp2_common/pico_crt0/crt0.S.obj
                0x20040000                        . = (ORIGIN (RAM) + LENGTH (RAM))
 *fill*         0x200025b8    0x3da48 
                0x20040000                        __HeapLimit = .

.scratch_x      0x20040000        0x0 load address 0x10005e1c
                0x20040000                        __scratch_x_start__ = .
 *(.scratch_x.*)
                0x20040000                        . = ALIGN (0x4)
                0x20040000                        __scratch_x_end__ = .
                0x10005e1c                        __scratch_x_source__ = LOADADDR (.scratch_x)

.scratch_y      0x20041000        0x0 load address 0x10005e1c
                0x20041000                        __scratch_y_start__ = .
 *(.scratch_y.*)
                0x20041000                        . = ALIGN (0x4)
                0x20041000                        __scratch_y_end__ = .
                0x10005e1c                        __scratch_y_source__ = LOADADDR (.scratch_y)

.stack1_dummy
 *(.stack1*)

.stack_dummy    0x20041000      0x800
 *(.stack*)
 .stack         0x20041000      0x800 CMakeFiles/picowinder.dir/.pico-sdk/sdk/src/rp2_common/pico_crt0/crt0.S.obj

.flash_end      0x10005e1c        0x0
 *(.embedded_end_block*)
                0x10005e1c                        PROVIDE (__flash_binary_end = .)
                0x20040000                        __StackLimit = (ORIGIN (RAM) + LENGTH (RAM))
                0x20041000                        __StackOneTop = (ORIGIN (SCRATCH_X) + LENGTH (SCRATCH_X))
                0x20042000                        __StackTop = (ORIGIN (SCRATCH_Y) + LENGTH (SCRATCH_Y))
                0x20041000                        __StackOneBottom = (__StackOneTop - SIZEOF (.stack1_dummy))
                0x20041800                        __StackBottom = (__StackTop - SIZEOF (.stack_dummy))
                0x20042000                        PROVIDE (__stack = __StackTop)
                [!provide]                        PROVIDE (__heap_start = __end__)
                [!provide]                        PROVIDE (__heap_end = __HeapLimit)
                [!provide]                        PROVIDE (__tls_align = MAX (ALIGNOF (.tdata), ALIGNOF (.tbss)))
                [!provide]                        PROVIDE (__tls_size_align = (((__tls_size + __tls_align) - 0x1) & ~ ((__tls_align - 0x1))))
                [!provide]                        PROVIDE (__arm32_tls_tcb_offset = MAX (0x8, __tls_align))
                [!provide]                        PROVIDE (_end = __end__)
                [!provide]                        PROVIDE (__llvm_libc_heap_limit = __HeapLimit)
                0x00000001                        ASSERT ((__StackLimit >= __HeapLimit), region RAM overflowed)
                0x00000001                        ASSERT (((__binary_info_header_end - __logical_binary_start) <= 0x100), Binary info must be in first 256 bytes of the binary)
LOAD CMakeFiles/picowinder.dir/usb.c.obj
LOAD CMakeFiles/picowinder.dir/usb_descriptors.c.obj
LOAD CMakeFiles/picowinder.dir/ffb_midi.c.obj
LOAD CMakeFiles/picowinder.dir/main.c.obj
LOAD CMakeFiles/picowinder.dir/.pico-sdk/sdk/src/rp2_common/pico_stdlib/stdlib.c.obj
LOAD CMakeFiles/picowinder.dir/.pico-sdk/sdk/src/rp2_common/hardware_gpio/gpio.c.obj
LOAD CMakeFiles/picowinder.dir/.pico-sdk/sdk/src/rp2040/pico_platform/platform.c.obj
LOAD CMakeFiles/picowinder.dir/.pico-sdk/sdk/src/rp2_common/pico_platform_panic/panic.c.obj
LOAD CMakeFiles/picowinder.dir/.pico-sdk/sdk/src/common/hardware_claim/claim.c.obj
LOAD CMakeFiles/picowinder.dir/.pico-sdk/sdk/src/rp2_common/hardware_sync/sync.c.obj
LOAD CMakeFiles/picowinder.dir/.pico-sdk/sdk/src/rp2_common/hardware_sync_spin_lock/sync_spin_lock.c.obj
LOAD CMakeFiles/picowinder.dir/.pico-sdk/sdk/src/rp2_common/hardware_irq/irq.c.obj
LOAD CMakeFiles/picowinder.dir/.pico-sdk/sdk/src/rp2_common/hardware_irq/irq_handler_chain.S.obj
LOAD CMakeFiles/picowinder.dir/.pico-sdk/sdk/src/common/pico_sync/sem.c.obj
LOAD CMakeFiles/picowinder.dir/.pico-sdk/sdk/src/common/pico_sync/lock_core.c.obj
LOAD CMakeFiles/picowinder.dir/.pico-sdk/sdk/src/common/pico_sync/mutex.c.obj
LOAD CMakeFiles/picowinder.dir/.pico-sdk/sdk/src/common/pico_sync/critical_section.c.obj
LOAD CMakeFiles/picowinder.dir/.pico-sdk/sdk/src/common/pico_time/time.c.obj
LOAD CMakeFiles/picowinder.dir/.pico-sdk/sdk/src/common/pico_time/timeout_helper.c.obj
LOAD CMakeFiles/picowinder.dir/.pico-sdk/sdk/src/rp2_common/hardware_timer/timer.c.obj
LOAD CMakeFiles/picowinder.dir/.pico-sdk/sdk/src/common/pico_util/datetime.c.obj
LOAD CMakeFiles/picowinder.dir/.pico-sdk/sdk/src/common/pico_util/pheap.c.obj
LOAD CMakeFiles/picowinder.dir/.pico-sdk/sdk/src/common/pico_util/queue.c.obj
LOAD CMakeFiles/picowinder.dir/.pico-sdk/sdk/src/rp2_common/hardware_uart/uart.c.obj
LOAD CMakeFiles/picowinder.dir/.pico-sdk/sdk/src/rp2_common/hardware_clocks/clocks.c.obj
LOAD CMakeFiles/picowinder.dir/.pico-sdk/sdk/src/rp2_common/hardware_pll/pll.c.obj
LOAD CMakeFiles/picowinder.dir/.pico-sdk/sdk/src/rp2_common/hardware_vreg/vreg.c.obj
LOAD CMakeFiles/picowinder.dir/.pico-sdk/sdk/src/rp2_common/hardware_watchdog/watchdog.c.obj
LOAD CMakeFiles/picowinder.dir/.pico-sdk/sdk/src/rp2_common/hardware_ticks/ticks.c.obj
LOAD CMakeFiles/picowinder.dir/.pico-sdk/sdk/src/rp2_common/hardware_xosc/xosc.c.obj
LOAD CMakeFiles/picowinder.dir/.pico-sdk/sdk/src/rp2_common/hardware_divider/divider.S.obj
LOAD CMakeFiles/picowinder.dir/.pico-sdk/sdk/src/rp2_common/pico_runtime/runtime.c.obj
LOAD CMakeFiles/picowinder.dir/.pico-sdk/sdk/src/rp2_common/pico_runtime_init/runtime_init.c.obj
LOAD CMakeFiles/picowinder.dir/.pico-sdk/sdk/src/rp2_common/pico_runtime_init/runtime_init_clocks.c.obj
LOAD CMakeFiles/picowinder.dir/.pico-sdk/sdk/src/rp2_common/pico_runtime_init/runtime_init_stack_guard.c.obj
LOAD CMakeFiles/picowinder.dir/.pico-sdk/sdk/src/rp2_common/pico_bit_ops/bit_ops_aeabi.S.obj
LOAD CMakeFiles/picowinder.dir/.pico-sdk/sdk/src/rp2_common/pico_bootrom/bootrom.c.obj
LOAD CMakeFiles/picowinder.dir/.pico-sdk/sdk/src/rp2_common/pico_bootrom/bootrom_lock.c.obj
LOAD CMakeFiles/picowinder.dir/.pico-sdk/sdk/src/rp2_common/hardware_boot_lock/boot_lock.c.obj
LOAD CMakeFiles/picowinder.dir/.pico-sdk/sdk/src/rp2_common/pico_divider/divider_hardware.S.obj
LOAD CMakeFiles/picowinder.dir/.pico-sdk/sdk/src/rp2_common/pico_double/double_aeabi_rp2040.S.obj
LOAD CMakeFiles/picowinder.dir/.pico-sdk/sdk/src/rp2_common/pico_double/double_init_rom_rp2040.c.obj
LOAD CMakeFiles/picowinder.dir/.pico-sdk/sdk/src/rp2_common/pico_double/double_math.c.obj
LOAD CMakeFiles/picowinder.dir/.pico-sdk/sdk/src/rp2_common/pico_double/double_v1_rom_shim_rp2040.S.obj
LOAD CMakeFiles/picowinder.dir/.pico-sdk/sdk/src/rp2_common/pico_int64_ops/pico_int64_ops_aeabi.S.obj
LOAD CMakeFiles/picowinder.dir/.pico-sdk/sdk/src/rp2_common/pico_float/float_aeabi_rp2040.S.obj
LOAD CMakeFiles/picowinder.dir/.pico-sdk/sdk/src/rp2_common/pico_float/float_init_rom_rp2040.c.obj
LOAD CMakeFiles/picowinder.dir/.pico-sdk/sdk/src/rp2_common/pico_float/float_math.c.obj
LOAD CMakeFiles/picowinder.dir/.pico-sdk/sdk/src/rp2_common/pico_float/float_v1_rom_shim_rp2040.S.obj
LOAD CMakeFiles/picowinder.dir/.pico-sdk/sdk/src/rp2_common/pico_malloc/malloc.c.obj
LOAD CMakeFiles/picowinder.dir/.pico-sdk/sdk/src/rp2_common/pico_mem_ops/mem_ops_aeabi.S.obj
LOAD CMakeFiles/picowinder.dir/.pico-sdk/sdk/src/rp2_common/pico_atomic/atomic.c.obj
LOAD CMakeFiles/picowinder.dir/.pico-sdk/sdk/src/rp2_common/pico_cxx_options/new_delete.cpp.obj
LOAD CMakeFiles/picowinder.dir/.pico-sdk/sdk/src/rp2_common/pico_standard_binary_info/standard_binary_info.c.obj
LOAD CMakeFiles/picowinder.dir/.pico-sdk/sdk/src/rp2_common/pico_printf/printf.c.obj
LOAD CMakeFiles/picowinder.dir/.pico-sdk/sdk/src/rp2_common/pico_crt0/crt0.S.obj
LOAD CMakeFiles/picowinder.dir/.pico-sdk/sdk/src/rp2_common/pico_clib_interface/newlib_interface.c.obj
LOAD CMakeFiles/picowinder.dir/.pico-sdk/sdk/src/rp2_common/pico_stdio/stdio.c.obj
LOAD CMakeFiles/picowinder.dir/.pico-sdk/sdk/src/rp2_common/hardware_pio/pio.c.obj
LOAD CMakeFiles/picowinder.dir/.pico-sdk/sdk/lib/tinyusb/src/portable/raspberrypi/rp2040/dcd_rp2040.c.obj
LOAD CMakeFiles/picowinder.dir/.pico-sdk/sdk/lib/tinyusb/src/portable/raspberrypi/rp2040/rp2040_usb.c.obj
LOAD CMakeFiles/picowinder.dir/.pico-sdk/sdk/lib/tinyusb/src/device/usbd.c.obj
LOAD CMakeFiles/picowinder.dir/.pico-sdk/sdk/lib/tinyusb/src/device/usbd_control.c.obj
LOAD CMakeFiles/picowinder.dir/.pico-sdk/sdk/lib/tinyusb/src/class/audio/audio_device.c.obj
LOAD CMakeFiles/picowinder.dir/.pico-sdk/sdk/lib/tinyusb/src/class/cdc/cdc_device.c.obj
LOAD CMakeFiles/picowinder.dir/.pico-sdk/sdk/lib/tinyusb/src/class/dfu/dfu_device.c.obj
LOAD CMakeFiles/picowinder.dir/.pico-sdk/sdk/lib/tinyusb/src/class/dfu/dfu_rt_device.c.obj
LOAD CMakeFiles/picowinder.dir/.pico-sdk/sdk/lib/tinyusb/src/class/hid/hid_device.c.obj
LOAD CMakeFiles/picowinder.dir/.pico-sdk/sdk/lib/tinyusb/src/class/midi/midi_device.c.obj
LOAD CMakeFiles/picowinder.dir/.pico-sdk/sdk/lib/tinyusb/src/class/msc/msc_device.c.obj
LOAD CMakeFiles/picowinder.dir/.pico-sdk/sdk/lib/tinyusb/src/class/net/ecm_rndis_device.c.obj
LOAD CMakeFiles/picowinder.dir/.pico-sdk/sdk/lib/tinyusb/src/class/net/ncm_device.c.obj
LOAD CMakeFiles/picowinder.dir/.pico-sdk/sdk/lib/tinyusb/src/class/usbtmc/usbtmc_device.c.obj
LOAD CMakeFiles/picowinder.dir/.pico-sdk/sdk/lib/tinyusb/src/class/vendor/vendor_device.c.obj
LOAD CMakeFiles/picowinder.dir/.pico-sdk/sdk/lib/tinyusb/src/class/video/video_device.c.obj
LOAD CMakeFiles/picowinder.dir/.pico-sdk/sdk/lib/tinyusb/src/tusb.c.obj
LOAD CMakeFiles/picowinder.dir/.pico-sdk/sdk/lib/tinyusb/src/common/tusb_fifo.c.obj
LOAD CMakeFiles/picowinder.dir/.pico-sdk/sdk/src/rp2_common/pico_fix/rp2040_usb_device_enumeration/rp2040_usb_device_enumeration.c.obj
LOAD CMakeFiles/picowinder.dir/.pico-sdk/sdk/lib/tinyusb/hw/bsp/rp2040/family.c.obj
LOAD CMakeFiles/picowinder.dir/.pico-sdk/sdk/src/rp2_common/pico_unique_id/unique_id.c.obj
LOAD CMakeFiles/picowinder.dir/.pico-sdk/sdk/src/rp2_common/hardware_flash/flash.c.obj
LOAD /tmp/ccxI6bRU.o
LOAD /home/dev/.local/share/stm32cube/bundles/gnu-tools-for-stm32/14.3.1+st.2/bin/../lib/gcc/arm-none-eabi/14.3.1/../../../../arm-none-eabi/lib/thumb/v6-m/nofp/libstdc++.a
LOAD /home/dev/.local/share/stm32cube/bundles/gnu-tools-for-stm32/14.3.1+st.2/bin/../lib/gcc/arm-none-eabi/14.3.1/../../../../arm-none-eabi/lib/thumb/v6-m/nofp/libm.a
START GROUP
LOAD /home/dev/.local/share/stm32cube/bundles/gnu-tools-for-stm32/14.3.1+st.2/bin/../lib/gcc/arm-none-eabi/14.3.1/thumb/v6-m/nofp/libgcc.a
LOAD /home/dev/.local/share/stm32cube/bundles/gnu-tools-for-stm32/14.3.1+st.2/bin/../lib/gcc/arm-none-eabi/14.3.1/../../../../arm-none-eabi/lib/thumb/v6-m/nofp/libg.a
LOAD /home/dev/.local/share/stm32cube/bundles/gnu-tools-for-stm32/14.3.1+st.2/bin/../lib/gcc/arm-none-eabi/14.3.1/../../../../arm-none-eabi/lib/thumb/v6-m/nofp/libc.a
END GROUP
START GROUP
LOAD /home/dev/.local/share/stm32cube/bundles/gnu-tools-for-stm32/14.3.1+st.2/bin/../lib/gcc/arm-none-eabi/14.3.1/thumb/v6-m/nofp/libgcc.a
LOAD /home/dev/.local/share/stm32cube/bundles/gnu-tools-for-stm32/14.3.1+st.2/bin/../lib/gcc/arm-none-eabi/14.3.1/../../../../arm-none-eabi/lib/thumb/v6-m/nofp/libc.a
LOAD /home/dev/.local/share/stm32cube/bundles/gnu-tools-for-stm32/14.3.1+st.2/bin/../lib/gcc/arm-none-eabi/14.3.1/../../../../arm-none-eabi/lib/thumb/v6-m/nofp/libnosys.a
END GROUP
LOAD /home/dev/.local/share/stm32cube/bundles/gnu-tools-for-stm32/14.3.1+st.2/bin/../lib/gcc/arm-none-eabi/14.3.1/thumb/v6-m/nofp/crtend.o
LOAD /home/dev/.local/share/stm32cube/bundles/gnu-tools-for-stm32/14.3.1+st.2/bin/../lib/gcc/arm-none-eabi/14.3.1/thumb/v6-m/nofp/crtn.o
OUTPUT(picowinder.elf elf32-littlearm)
LOAD linker stubs

.ARM.attributes
                0x00000000       0x28
 .ARM.attributes
                0x00000000       0x1e /home/dev/.local/share/stm32cube/bundles/gnu-tools-for-stm32/14.3.1+st.2/bin/../lib/gcc/arm-none-eabi/14.3.1/thumb/v6-m/nofp/crti.o
 .ARM.attributes
                0x0000001e       0x2c /home/dev/.local/share/stm32cube/bundles/gnu-tools-for-stm32/14.3.1+st.2/bin/../lib/gcc/arm-none-eabi/14.3.1/thumb/v6-m/nofp/crtbegin.o
 .ARM.attributes
                0x0000004a       0x2c CMakeFiles/picowinder.dir/usb.c.obj
 .ARM.attributes
                0x00000076       0x2c CMakeFiles/picowinder.dir/usb_descriptors.c.obj
 .ARM.attributes
                0x000000a2       0x2c CMakeFiles/picowinder.dir/ffb_midi.c.obj
 .ARM.attributes
                0x000000ce       0x2c CMakeFiles/picowinder.dir/main.c.obj
 .ARM.attributes
                0x000000fa       0x2c CMakeFiles/picowinder.dir/.pico-sdk/sdk/src/rp2_common/hardware_gpio/gpio.c.obj
 .ARM.attributes
                0x00000126       0x2c CMakeFiles/picowinder.dir/.pico-sdk/sdk/src/rp2040/pico_platform/platform.c.obj
 .ARM.attributes
                0x00000152       0x2c CMakeFiles/picowinder.dir/.pico-sdk/sdk/src/rp2_common/pico_platform_panic/panic.c.obj
 .ARM.attributes
                0x0000017e       0x2c CMakeFiles/picowinder.dir/.pico-sdk/sdk/src/common/hardware_claim/claim.c.obj
 .ARM.attributes
                0x000001aa       0x2c CMakeFiles/picowinder.dir/.pico-sdk/sdk/src/rp2_common/hardware_sync/sync.c.obj
 .ARM.attributes
                0x000001d6       0x2c CMakeFiles/picowinder.dir/.pico-sdk/sdk/src/rp2_common/hardware_sync_spin_lock/sync_spin_lock.c.obj
 .ARM.attributes
                0x00000202       0x2c CMakeFiles/picowinder.dir/.pico-sdk/sdk/src/rp2_common/hardware_irq/irq.c.obj
 .ARM.attributes
                0x0000022e       0x22 CMakeFiles/picowinder.dir/.pico-sdk/sdk/src/rp2_common/hardware_irq/irq_handler_chain.S.obj
 .ARM.attributes
                0x00000250       0x2c CMakeFiles/picowinder.dir/.pico-sdk/sdk/src/common/pico_sync/lock_core.c.obj
 .ARM.attributes
                0x0000027c       0x2c CMakeFiles/picowinder.dir/.pico-sdk/sdk/src/common/pico_sync/mutex.c.obj
 .ARM.attributes
                0x000002a8       0x2c CMakeFiles/picowinder.dir/.pico-sdk/sdk/src/common/pico_sync/critical_section.c.obj
 .ARM.attributes
                0x000002d4       0x2c CMakeFiles/picowinder.dir/.pico-sdk/sdk/src/common/pico_time/time.c.obj
 .ARM.attributes
                0x00000300       0x2c CMakeFiles/picowinder.dir/.pico-sdk/sdk/src/rp2_common/hardware_timer/timer.c.obj
 .ARM.attributes
                0x0000032c       0x2c CMakeFiles/picowinder.dir/.pico-sdk/sdk/src/rp2_common/hardware_uart/uart.c.obj
 .ARM.attributes
                0x00000358       0x2c CMakeFiles/picowinder.dir/.pico-sdk/sdk/src/rp2_common/hardware_clocks/clocks.c.obj
 .ARM.attributes
                0x00000384       0x2c CMakeFiles/picowinder.dir/.pico-sdk/sdk/src/rp2_common/hardware_pll/pll.c.obj
 .ARM.attributes
                0x000003b0       0x2c CMakeFiles/picowinder.dir/.pico-sdk/sdk/src/rp2_common/hardware_ticks/ticks.c.obj
 .ARM.attributes
                0x000003dc       0x2c CMakeFiles/picowinder.dir/.pico-sdk/sdk/src/rp2_common/hardware_xosc/xosc.c.obj
 .ARM.attributes
                0x00000408       0x2c CMakeFiles/picowinder.dir/.pico-sdk/sdk/src/rp2_common/pico_runtime/runtime.c.obj
 .ARM.attributes
                0x00000434       0x2c CMakeFiles/picowinder.dir/.pico-sdk/sdk/src/rp2_common/pico_runtime_init/runtime_init.c.obj
 .ARM.attributes
                0x00000460       0x2c CMakeFiles/picowinder.dir/.pico-sdk/sdk/src/rp2_common/pico_runtime_init/runtime_init_clocks.c.obj
 .ARM.attributes
                0x0000048c       0x22 CMakeFiles/picowinder.dir/.pico-sdk/sdk/src/rp2_common/pico_bit_ops/bit_ops_aeabi.S.obj
 .ARM.attributes
                0x000004ae       0x2c CMakeFiles/picowinder.dir/.pico-sdk/sdk/src/rp2_common/pico_bootrom/bootrom.c.obj
 .ARM.attributes
                0x000004da       0x22 CMakeFiles/picowinder.dir/.pico-sdk/sdk/src/rp2_common/pico_divider/divider_hardware.S.obj
 .ARM.attributes
                0x000004fc       0x22 CMakeFiles/picowinder.dir/.pico-sdk/sdk/src/rp2_common/pico_double/double_aeabi_rp2040.S.obj
 .ARM.attributes
                0x0000051e       0x2c CMakeFiles/picowinder.dir/.pico-sdk/sdk/src/rp2_common/pico_double/double_init_rom_rp2040.c.obj
 .ARM.attributes
                0x0000054a       0x22 CMakeFiles/picowinder.dir/.pico-sdk/sdk/src/rp2_common/pico_double/double_v1_rom_shim_rp2040.S.obj
 .ARM.attributes
                0x0000056c       0x22 CMakeFiles/picowinder.dir/.pico-sdk/sdk/src/rp2_common/pico_int64_ops/pico_int64_ops_aeabi.S.obj
 .ARM.attributes
                0x0000058e       0x22 CMakeFiles/picowinder.dir/.pico-sdk/sdk/src/rp2_common/pico_float/float_aeabi_rp2040.S.obj
 .ARM.attributes
                0x000005b0       0x2c CMakeFiles/picowinder.dir/.pico-sdk/sdk/src/rp2_common/pico_float/float_init_rom_rp2040.c.obj
 .ARM.attributes
                0x000005dc       0x22 CMakeFiles/picowinder.dir/.pico-sdk/sdk/src/rp2_common/pico_float/float_v1_rom_shim_rp2040.S.obj
 .ARM.attributes
                0x000005fe       0x22 CMakeFiles/picowinder.dir/.pico-sdk/sdk/src/rp2_common/pico_mem_ops/mem_ops_aeabi.S.obj
 .ARM.attributes
                0x00000620       0x2c CMakeFiles/picowinder.dir/.pico-sdk/sdk/src/rp2_common/pico_standard_binary_info/standard_binary_info.c.obj
 .ARM.attributes
                0x0000064c       0x2c CMakeFiles/picowinder.dir/.pico-sdk/sdk/src/rp2_common/pico_printf/printf.c.obj
 .ARM.attributes
                0x00000678       0x22 CMakeFiles/picowinder.dir/.pico-sdk/sdk/src/rp2_common/pico_crt0/crt0.S.obj
 .ARM.attributes
                0x0000069a       0x2c CMakeFiles/picowinder.dir/.pico-sdk/sdk/src/rp2_common/pico_clib_interface/newlib_interface.c.obj
 .ARM.attributes
                0x000006c6       0x2c CMakeFiles/picowinder.dir/.pico-sdk/sdk/src/rp2_common/pico_stdio/stdio.c.obj
 .ARM.attributes
                0x000006f2       0x2c CMakeFiles/picowinder.dir/.pico-sdk/sdk/src/rp2_common/hardware_pio/pio.c.obj
 .ARM.attributes
                0x0000071e       0x2c CMakeFiles/picowinder.dir/.pico-sdk/sdk/lib/tinyusb/src/portable/raspberrypi/rp2040/dcd_rp2040.c.obj
 .ARM.attributes
                0x0000074a       0x2c CMakeFiles/picowinder.dir/.pico-sdk/sdk/lib/tinyusb/src/portable/raspberrypi/rp2040/rp2040_usb.c.obj
 .ARM.attributes
                0x00000776       0x2c CMakeFiles/picowinder.dir/.pico-sdk/sdk/lib/tinyusb/src/device/usbd.c.obj
 .ARM.attributes
                0x000007a2       0x2c CMakeFiles/picowinder.dir/.pico-sdk/sdk/lib/tinyusb/src/device/usbd_control.c.obj
 .ARM.attributes
                0x000007ce       0x2c CMakeFiles/picowinder.dir/.pico-sdk/sdk/lib/tinyusb/src/class/hid/hid_device.c.obj
 .ARM.attributes
                0x000007fa       0x2c CMakeFiles/picowinder.dir/.pico-sdk/sdk/lib/tinyusb/src/tusb.c.obj
 .ARM.attributes
                0x00000826       0x2c CMakeFiles/picowinder.dir/.pico-sdk/sdk/lib/tinyusb/src/common/tusb_fifo.c.obj
 .ARM.attributes
                0x00000852       0x2c CMakeFiles/picowinder.dir/.pico-sdk/sdk/lib/tinyusb/hw/bsp/rp2040/family.c.obj
 .ARM.attributes
                0x0000087e       0x2c CMakeFiles/picowinder.dir/.pico-sdk/sdk/src/rp2_common/pico_unique_id/unique_id.c.obj
 .ARM.attributes
                0x000008aa       0x2c CMakeFiles/picowinder.dir/.pico-sdk/sdk/src/rp2_common/hardware_flash/flash.c.obj
 .ARM.attributes
                0x000008d6       0x22 /tmp/ccxI6bRU.o
 .ARM.attributes
                0x000008f8       0x1e /home/dev/.local/share/stm32cube/bundles/gnu-tools-for-stm32/14.3.1+st.2/bin/../lib/gcc/arm-none-eabi/14.3.1/thumb/v6-m/nofp/libgcc.a(_dvmd_tls.o)
 .ARM.attributes
                0x00000916       0x2c /home/dev/.local/share/stm32cube/bundles/gnu-tools-for-stm32/14.3.1+st.2/bin/../lib/gcc/arm-none-eabi/14.3.1/../../../../arm-none-eabi/lib/thumb/v6-m/nofp/libg.a(libc_a-memcmp.o)
 .ARM.attributes
                0x00000942       0x2c /home/dev/.local/share/stm32cube/bundles/gnu-tools-for-stm32/14.3.1+st.2/bin/../lib/gcc/arm-none-eabi/14.3.1/../../../../arm-none-eabi/lib/thumb/v6-m/nofp/libg.a(libc_a-strlen-stub.o)

.comment        0x00000000       0x43
 .comment       0x00000000       0x43 CMakeFiles/picowinder.dir/usb.c.obj
                                 0x44 (size before relaxing)
 .comment       0x00000043       0x44 CMakeFiles/picowinder.dir/usb_descriptors.c.obj
 .comment       0x00000043       0x44 CMakeFiles/picowinder.dir/ffb_midi.c.obj
 .comment       0x00000043       0x44 CMakeFiles/picowinder.dir/main.c.obj
 .comment       0x00000043       0x44 CMakeFiles/picowinder.dir/.pico-sdk/sdk/src/rp2_common/hardware_gpio/gpio.c.obj
 .comment       0x00000043       0x44 CMakeFiles/picowinder.dir/.pico-sdk/sdk/src/rp2040/pico_platform/platform.c.obj
 .comment       0x00000043       0x44 CMakeFiles/picowinder.dir/.pico-sdk/sdk/src/rp2_common/pico_platform_panic/panic.c.obj
 .comment       0x00000043       0x44 CMakeFiles/picowinder.dir/.pico-sdk/sdk/src/common/hardware_claim/claim.c.obj
 .comment       0x00000043       0x44 CMakeFiles/picowinder.dir/.pico-sdk/sdk/src/rp2_common/hardware_sync/sync.c.obj
 .comment       0x00000043       0x44 CMakeFiles/picowinder.dir/.pico-sdk/sdk/src/rp2_common/hardware_sync_spin_lock/sync_spin_lock.c.obj
 .comment       0x00000043       0x44 CMakeFiles/picowinder.dir/.pico-sdk/sdk/src/rp2_common/hardware_irq/irq.c.obj
 .comment       0x00000043       0x44 CMakeFiles/picowinder.dir/.pico-sdk/sdk/src/common/pico_sync/lock_core.c.obj
 .comment       0x00000043       0x44 CMakeFiles/picowinder.dir/.pico-sdk/sdk/src/common/pico_sync/mutex.c.obj
 .comment       0x00000043       0x44 CMakeFiles/picowinder.dir/.pico-sdk/sdk/src/common/pico_sync/critical_section.c.obj
 .comment       0x00000043       0x44 CMakeFiles/picowinder.dir/.pico-sdk/sdk/src/common/pico_time/time.c.obj
 .comment       0x00000043       0x44 CMakeFiles/picowinder.dir/.pico-sdk/sdk/src/rp2_common/hardware_timer/timer.c.obj
 .comment       0x00000043       0x44 CMakeFiles/picowinder.dir/.pico-sdk/sdk/src/rp2_common/hardware_uart/uart.c.obj
 .comment       0x00000043       0x44 CMakeFiles/picowinder.dir/.pico-sdk/sdk/src/rp2_common/hardware_clocks/clocks.c.obj
 .comment       0x00000043       0x44 CMakeFiles/picowinder.dir/.pico-sdk/sdk/src/rp2_common/hardware_pll/pll.c.obj
 .comment       0x00000043       0x44 CMakeFiles/picowinder.dir/.pico-sdk/sdk/src/rp2_common/hardware_ticks/ticks.c.obj
 .comment       0x00000043       0x44 CMakeFiles/picowinder.dir/.pico-sdk/sdk/src/rp2_common/hardware_xosc/xosc.c.obj
 .comment       0x00000043       0x44 CMakeFiles/picowinder.dir/.pico-sdk/sdk/src/rp2_common/pico_runtime/runtime.c.obj
 .comment       0x00000043       0x44 CMakeFiles/picowinder.dir/.pico-sdk/sdk/src/rp2_common/pico_runtime_init/runtime_init.c.obj
 .comment       0x00000043       0x44 CMakeFiles/picowinder.dir/.pico-sdk/sdk/src/rp2_common/pico_runtime_init/runtime_init_clocks.c.obj
 .comment       0x00000043       0x44 CMakeFiles/picowinder.dir/.pico-sdk/sdk/src/rp2_common/pico_bootrom/bootrom.c.obj
 .comment       0x00000043       0x44 CMakeFiles/picowinder.dir/.pico-sdk/sdk/src/rp2_common/pico_double/double_init_rom_rp2040.c.obj
 .comment       0x00000043       0x44 CMakeFiles/picowinder.dir/.pico-sdk/sdk/src/rp2_common/pico_float/float_init_rom_rp2040.c.obj
 .comment       0x00000043       0x44 CMakeFiles/picowinder.dir/.pico-sdk/sdk/src/rp2_common/pico_standard_binary_info/standard_binary_info.c.obj
 .comment       0x00000043       0x44 CMakeFiles/picowinder.dir/.pico-sdk/sdk/src/rp2_common/pico_printf/printf.c.obj
 .comment       0x00000043       0x44 CMakeFiles/picowinder.dir/.pico-sdk/sdk/src/rp2_common/pico_clib_interface/newlib_interface.c.obj
 .comment       0x00000043       0x44 CMakeFiles/picowinder.dir/.pico-sdk/sdk/src/rp2_common/pico_stdio/stdio.c.obj
 .comment       0x00000043       0x44 CMakeFiles/picowinder.dir/.pico-sdk/sdk/src/rp2_common/hardware_pio/pio.c.obj
 .comment       0x00000043       0x44 CMakeFiles/picowinder.dir/.pico-sdk/sdk/lib/tinyusb/src/portable/raspberrypi/rp2040/dcd_rp2040.c.obj
 .comment       0x00000043       0x44 CMakeFiles/picowinder.dir/.pico-sdk/sdk/lib/tinyusb/src/portable/raspberrypi/rp2040/rp2040_usb.c.obj
 .comment       0x00000043       0x44 CMakeFiles/picowinder.dir/.pico-sdk/sdk/lib/tinyusb/src/device/usbd.c.obj
 .comment       0x00000043       0x44 CMakeFiles/picowinder.dir/.pico-sdk/sdk/lib/tinyusb/src/device/usbd_control.c.obj
 .comment       0x00000043       0x44 CMakeFiles/picowinder.dir/.pico-sdk/sdk/lib/tinyusb/src/class/hid/hid_device.c.obj
 .comment       0x00000043       0x44 CMakeFiles/picowinder.dir/.pico-sdk/sdk/lib/tinyusb/src/tusb.c.obj
 .comment       0x00000043       0x44 CMakeFiles/picowinder.dir/.pico-sdk/sdk/lib/tinyusb/src/common/tusb_fifo.c.obj
 .comment       0x00000043       0x44 CMakeFiles/picowinder.dir/.pico-sdk/sdk/lib/tinyusb/hw/bsp/rp2040/family.c.obj
 .comment       0x00000043       0x44 CMakeFiles/picowinder.dir/.pico-sdk/sdk/src/rp2_common/pico_unique_id/unique_id.c.obj
 .comment       0x00000043       0x44 CMakeFiles/picowinder.dir/.pico-sdk/sdk/src/rp2_common/hardware_flash/flash.c.obj
 .comment       0x00000043       0x44 /home/dev/.local/share/stm32cube/bundles/gnu-tools-for-stm32/14.3.1+st.2/bin/../lib/gcc/arm-none-eabi/14.3.1/../../../../arm-none-eabi/lib/thumb/v6-m/nofp/libg.a(libc_a-memcmp.o)
 .comment       0x00000043       0x44 /home/dev/.local/share/stm32cube/bundles/gnu-tools-for-stm32/14.3.1+st.2/bin/../lib/gcc/arm-none-eabi/14.3.1/../../../../arm-none-eabi/lib/thumb/v6-m/nofp/libg.a(libc_a-strlen-stub.o)

.debug_info     0x00000000    0x34d62
 .debug_info    0x00000000      0xe44 CMakeFiles/picowinder.dir/usb.c.obj
 .debug_info    0x00000e44      0xdf1 CMakeFiles/picowinder.dir/usb_descriptors.c.obj
 .debug_info    0x00001c35     0x1f60 CMakeFiles/picowinder.dir/ffb_midi.c.obj
 .debug_info    0x00003b95     0x2557 CMakeFiles/picowinder.dir/main.c.obj
 .debug_info    0x000060ec     0x242f CMakeFiles/picowinder.dir/.pico-sdk/sdk/src/rp2_common/hardware_gpio/gpio.c.obj
 .debug_info    0x0000851b      0x129 CMakeFiles/picowinder.dir/.pico-sdk/sdk/src/rp2040/pico_platform/platform.c.obj
 .debug_info    0x00008644      0x1bf CMakeFiles/picowinder.dir/.pico-sdk/sdk/src/rp2_common/pico_platform_panic/panic.c.obj
 .debug_info    0x00008803      0x999 CMakeFiles/picowinder.dir/.pico-sdk/sdk/src/common/hardware_claim/claim.c.obj
 .debug_info    0x0000919c      0x45c CMakeFiles/picowinder.dir/.pico-sdk/sdk/src/rp2_common/hardware_sync/sync.c.obj
 .debug_info    0x000095f8      0x245 CMakeFiles/picowinder.dir/.pico-sdk/sdk/src/rp2_common/hardware_sync_spin_lock/sync_spin_lock.c.obj
 .debug_info    0x0000983d     0x21aa CMakeFiles/picowinder.dir/.pico-sdk/sdk/src/rp2_common/hardware_irq/irq.c.obj
 .debug_info    0x0000b9e7      0x15f CMakeFiles/picowinder.dir/.pico-sdk/sdk/src/common/pico_sync/lock_core.c.obj
 .debug_info    0x0000bb46     0x27e7 CMakeFiles/picowinder.dir/.pico-sdk/sdk/src/common/pico_sync/mutex.c.obj
 .debug_info    0x0000e32d      0x308 CMakeFiles/picowinder.dir/.pico-sdk/sdk/src/common/pico_sync/critical_section.c.obj